Component: ARM Compiler 5.06 update 7 (build 960) Tool: armlink [4d3601]

==============================================================================

Section Cross References

    startup_stm32h743xx.o(RESET) refers to startup_stm32h743xx.o(STACK) for __initial_sp
    startup_stm32h743xx.o(RESET) refers to startup_stm32h743xx.o(.text) for Reset_Handler
    startup_stm32h743xx.o(RESET) refers to stm32h7xx_it.o(i.NMI_Handler) for NMI_Handler
    startup_stm32h743xx.o(RESET) refers to stm32h7xx_it.o(i.HardFault_Handler) for HardFault_Handler
    startup_stm32h743xx.o(RESET) refers to stm32h7xx_it.o(i.MemManage_Handler) for MemManage_Handler
    startup_stm32h743xx.o(RESET) refers to stm32h7xx_it.o(i.BusFault_Handler) for BusFault_Handler
    startup_stm32h743xx.o(RESET) refers to stm32h7xx_it.o(i.UsageFault_Handler) for UsageFault_Handler
    startup_stm32h743xx.o(RESET) refers to stm32h7xx_it.o(i.SVC_Handler) for SVC_Handler
    startup_stm32h743xx.o(RESET) refers to stm32h7xx_it.o(i.DebugMon_Handler) for DebugMon_Handler
    startup_stm32h743xx.o(RESET) refers to stm32h7xx_it.o(i.PendSV_Handler) for PendSV_Handler
    startup_stm32h743xx.o(RESET) refers to stm32h7xx_it.o(i.SysTick_Handler) for SysTick_Handler
    startup_stm32h743xx.o(RESET) refers to stm32h7xx_it.o(i.SDMMC2_IRQHandler) for SDMMC2_IRQHandler
    startup_stm32h743xx.o(.text) refers to system_stm32h7xx.o(i.SystemInit) for SystemInit
    startup_stm32h743xx.o(.text) refers to entry.o(.ARM.Collect$$$$00000000) for __main
    main.o(i.SystemClock_Config) refers to memseta.o(.text) for __aeabi_memclr4
    main.o(i.SystemClock_Config) refers to stm32h7xx_hal_pwr_ex.o(i.HAL_PWREx_ConfigSupply) for HAL_PWREx_ConfigSupply
    main.o(i.SystemClock_Config) refers to stm32h7xx_hal_rcc.o(i.HAL_RCC_OscConfig) for HAL_RCC_OscConfig
    main.o(i.SystemClock_Config) refers to stm32h7xx_hal_rcc.o(i.HAL_RCC_ClockConfig) for HAL_RCC_ClockConfig
    main.o(i.fputc) refers to stm32h7xx_hal_uart.o(i.HAL_UART_Transmit) for HAL_UART_Transmit
    main.o(i.fputc) refers to usart.o(.bss) for huart1
    main.o(i.main) refers to stm32h7xx_hal.o(i.HAL_Init) for HAL_Init
    main.o(i.main) refers to main.o(i.SystemClock_Config) for SystemClock_Config
    main.o(i.main) refers to gpio.o(i.MX_GPIO_Init) for MX_GPIO_Init
    main.o(i.main) refers to sdmmc.o(i.MX_SDMMC2_SD_Init) for MX_SDMMC2_SD_Init
    main.o(i.main) refers to usart.o(i.MX_USART1_UART_Init) for MX_USART1_UART_Init
    main.o(i.main) refers to fatfs.o(i.MX_FATFS_Init) for MX_FATFS_Init
    main.o(i.main) refers to fatfs.o(i.sd_card_test) for sd_card_test
    main.o(i.main) refers to stm32h7xx_hal.o(i.HAL_Delay) for HAL_Delay
    main.o(i.main) refers to stm32h7xx_hal_gpio.o(i.HAL_GPIO_TogglePin) for HAL_GPIO_TogglePin
    main.o(i.main) refers to printf3.o(i.__0printf$3) for __2printf
    gpio.o(i.MX_GPIO_Init) refers to memseta.o(.text) for __aeabi_memclr4
    gpio.o(i.MX_GPIO_Init) refers to stm32h7xx_hal_gpio.o(i.HAL_GPIO_Init) for HAL_GPIO_Init
    sdmmc.o(i.HAL_SD_MspDeInit) refers to stm32h7xx_hal_gpio.o(i.HAL_GPIO_DeInit) for HAL_GPIO_DeInit
    sdmmc.o(i.HAL_SD_MspDeInit) refers to stm32h7xx_hal_cortex.o(i.HAL_NVIC_DisableIRQ) for HAL_NVIC_DisableIRQ
    sdmmc.o(i.HAL_SD_MspInit) refers to memseta.o(.text) for __aeabi_memclr4
    sdmmc.o(i.HAL_SD_MspInit) refers to stm32h7xx_hal_rcc_ex.o(i.HAL_RCCEx_PeriphCLKConfig) for HAL_RCCEx_PeriphCLKConfig
    sdmmc.o(i.HAL_SD_MspInit) refers to main.o(i.Error_Handler) for Error_Handler
    sdmmc.o(i.HAL_SD_MspInit) refers to stm32h7xx_hal_gpio.o(i.HAL_GPIO_Init) for HAL_GPIO_Init
    sdmmc.o(i.HAL_SD_MspInit) refers to stm32h7xx_hal_cortex.o(i.HAL_NVIC_SetPriority) for HAL_NVIC_SetPriority
    sdmmc.o(i.HAL_SD_MspInit) refers to stm32h7xx_hal_cortex.o(i.HAL_NVIC_EnableIRQ) for HAL_NVIC_EnableIRQ
    sdmmc.o(i.MX_SDMMC2_SD_Init) refers to sdmmc.o(.bss) for .bss
    usart.o(i.HAL_UART_MspDeInit) refers to stm32h7xx_hal_gpio.o(i.HAL_GPIO_DeInit) for HAL_GPIO_DeInit
    usart.o(i.HAL_UART_MspInit) refers to memseta.o(.text) for __aeabi_memclr4
    usart.o(i.HAL_UART_MspInit) refers to stm32h7xx_hal_rcc_ex.o(i.HAL_RCCEx_PeriphCLKConfig) for HAL_RCCEx_PeriphCLKConfig
    usart.o(i.HAL_UART_MspInit) refers to main.o(i.Error_Handler) for Error_Handler
    usart.o(i.HAL_UART_MspInit) refers to stm32h7xx_hal_gpio.o(i.HAL_GPIO_Init) for HAL_GPIO_Init
    usart.o(i.MX_USART1_UART_Init) refers to stm32h7xx_hal_uart.o(i.HAL_UART_Init) for HAL_UART_Init
    usart.o(i.MX_USART1_UART_Init) refers to main.o(i.Error_Handler) for Error_Handler
    usart.o(i.MX_USART1_UART_Init) refers to stm32h7xx_hal_uart_ex.o(i.HAL_UARTEx_SetTxFifoThreshold) for HAL_UARTEx_SetTxFifoThreshold
    usart.o(i.MX_USART1_UART_Init) refers to stm32h7xx_hal_uart_ex.o(i.HAL_UARTEx_SetRxFifoThreshold) for HAL_UARTEx_SetRxFifoThreshold
    usart.o(i.MX_USART1_UART_Init) refers to stm32h7xx_hal_uart_ex.o(i.HAL_UARTEx_DisableFifoMode) for HAL_UARTEx_DisableFifoMode
[...]
    i.HAL_RCCEx_GetPLL1ClockFreq             0x08000954   Section        0  stm32h7xx_hal_rcc_ex.o(i.HAL_RCCEx_GetPLL1ClockFreq)
    i.HAL_RCCEx_GetPLL2ClockFreq             0x08000a9c   Section        0  stm32h7xx_hal_rcc_ex.o(i.HAL_RCCEx_GetPLL2ClockFreq)
    i.HAL_RCCEx_GetPLL3ClockFreq             0x08000be0   Section        0  stm32h7xx_hal_rcc_ex.o(i.HAL_RCCEx_GetPLL3ClockFreq)
    i.HAL_RCCEx_GetPeriphCLKFreq             0x08000d24   Section        0  stm32h7xx_hal_rcc_ex.o(i.HAL_RCCEx_GetPeriphCLKFreq)
    i.HAL_RCCEx_PeriphCLKConfig              0x08000fec   Section        0  stm32h7xx_hal_rcc_ex.o(i.HAL_RCCEx_PeriphCLKConfig)
    i.HAL_RCC_ClockConfig                    0x08001998   Section        0  stm32h7xx_hal_rcc.o(i.HAL_RCC_ClockConfig)
    i.HAL_RCC_GetHCLKFreq                    0x08001bf4   Section        0  stm32h7xx_hal_rcc.o(i.HAL_RCC_GetHCLKFreq)
    i.HAL_RCC_GetPCLK1Freq                   0x08001c38   Section        0  stm32h7xx_hal_rcc.o(i.HAL_RCC_GetPCLK1Freq)
    i.HAL_RCC_GetPCLK2Freq                   0x08001c5c   Section        0  stm32h7xx_hal_rcc.o(i.HAL_RCC_GetPCLK2Freq)
    i.HAL_RCC_GetSysClockFreq                0x08001c80   Section        0  stm32h7xx_hal_rcc.o(i.HAL_RCC_GetSysClockFreq)
    i.HAL_RCC_OscConfig                      0x08001db8   Section        0  stm32h7xx_hal_rcc.o(i.HAL_RCC_OscConfig)
    i.HAL_SDEx_Read_DMADoubleBuf0CpltCallback 0x0800233a   Section        0  stm32h7xx_hal_sd.o(i.HAL_SDEx_Read_DMADoubleBuf0CpltCallback)
    i.HAL_SDEx_Read_DMADoubleBuf1CpltCallback 0x0800233c   Section        0  stm32h7xx_hal_sd.o(i.HAL_SDEx_Read_DMADoubleBuf1CpltCallback)
    i.HAL_SDEx_Write_DMADoubleBuf0CpltCallback 0x0800233e   Section        0  stm32h7xx_hal_sd.o(i.HAL_SDEx_Write_DMADoubleBuf0CpltCallback)
    i.HAL_SDEx_Write_DMADoubleBuf1CpltCallback 0x08002340   Section        0  stm32h7xx_hal_sd.o(i.HAL_SDEx_Write_DMADoubleBuf1CpltCallback)
    i.HAL_SD_ConfigWideBusOperation          0x08002344   Section        0  stm32h7xx_hal_sd.o(i.HAL_SD_ConfigWideBusOperation)
    i.HAL_SD_ErrorCallback                   0x080024cc   Section        0  stm32h7xx_hal_sd.o(i.HAL_SD_ErrorCallback)
    i.HAL_SD_GetCardCSD                      0x080024d0   Section        0  stm32h7xx_hal_sd.o(i.HAL_SD_GetCardCSD)
    i.HAL_SD_GetCardInfo                     0x0800268c   Section        0  stm32h7xx_hal_sd.o(i.HAL_SD_GetCardInfo)
    i.HAL_SD_GetCardState                    0x080026b0   Section        0  stm32h7xx_hal_sd.o(i.HAL_SD_GetCardState)
    i.HAL_SD_GetCardStatus                   0x080026dc   Section        0  stm32h7xx_hal_sd.o(i.HAL_SD_GetCardStatus)
    i.HAL_SD_IRQHandler                      0x080027a8   Section        0  stm32h7xx_hal_sd.o(i.HAL_SD_IRQHandler)
    i.HAL_SD_Init                            0x080029e8   Section        0  stm32h7xx_hal_sd.o(i.HAL_SD_Init)
    i.HAL_SD_InitCard                        0x08002a84   Section        0  stm32h7xx_hal_sd.o(i.HAL_SD_InitCard)
    i.HAL_SD_MspInit                         0x08002b30   Section        0  sdmmc.o(i.HAL_SD_MspInit)
    i.HAL_SD_ReadBlocks                      0x08002bf4   Section        0  stm32h7xx_hal_sd.o(i.HAL_SD_ReadBlocks)
    i.HAL_SD_RxCpltCallback                  0x08002db8   Section        0  bsp_driver_sd.o(i.HAL_SD_RxCpltCallback)
    i.HAL_SD_TxCpltCallback                  0x08002dc0   Section        0  bsp_driver_sd.o(i.HAL_SD_TxCpltCallback)
    i.HAL_SD_WriteBlocks                     0x08002dc8   Section        0  stm32h7xx_hal_sd.o(i.HAL_SD_WriteBlocks)
    i.HAL_SYSTICK_Config                     0x08002fa4   Section        0  stm32h7xx_hal_cortex.o(i.HAL_SYSTICK_Config)
    i.HAL_UARTEx_DisableFifoMode             0x08002fca   Section        0  stm32h7xx_hal_uart_ex.o(i.HAL_UARTEx_DisableFifoMode)
    i.HAL_UARTEx_SetRxFifoThreshold          0x0800300a   Section        0  stm32h7xx_hal_uart_ex.o(i.HAL_UARTEx_SetRxFifoThreshold)
    i.HAL_UARTEx_SetTxFifoThreshold          0x08003056   Section        0  stm32h7xx_hal_uart_ex.o(i.HAL_UARTEx_SetTxFifoThreshold)
    i.HAL_UART_Init                          0x080030a2   Section        0  stm32h7xx_hal_uart.o(i.HAL_UART_Init)
    i.HAL_UART_MspInit                       0x0800310c   Section        0  usart.o(i.HAL_UART_MspInit)
    i.HAL_UART_Transmit                      0x08003194   Section        0  stm32h7xx_hal_uart.o(i.HAL_UART_Transmit)
    i.HardFault_Handler                      0x08003244   Section        0  stm32h7xx_it.o(i.HardFault_Handler)
    i.MX_FATFS_Init                          0x08003248   Section        0  fatfs.o(i.MX_FATFS_Init)
    i.MX_GPIO_Init                           0x08003264   Section        0  gpio.o(i.MX_GPIO_Init)
    i.MX_SDMMC2_SD_Init                      0x080032e4   Section        0  sdmmc.o(i.MX_SDMMC2_SD_Init)
    i.MX_USART1_UART_Init                    0x08003308   Section        0  usart.o(i.MX_USART1_UART_Init)
    i.MemManage_Handler                      0x08003370   Section        0  stm32h7xx_it.o(i.MemManage_Handler)
    i.NMI_Handler                            0x08003372   Section        0  stm32h7xx_it.o(i.NMI_Handler)
    i.PendSV_Handler                         0x08003374   Section        0  stm32h7xx_it.o(i.PendSV_Handler)
    i.RCCEx_PLL2_Config                      0x08003378   Section        0  stm32h7xx_hal_rcc_ex.o(i.RCCEx_PLL2_Config)
    RCCEx_PLL2_Config                        0x08003379   Thumb Code   284  stm32h7xx_hal_rcc_ex.o(i.RCCEx_PLL2_Config)
    i.RCCEx_PLL3_Config                      0x08003498   Section        0  stm32h7xx_hal_rcc_ex.o(i.RCCEx_PLL3_Config)
    RCCEx_PLL3_Config                        0x08003499   Thumb Code   284  stm32h7xx_hal_rcc_ex.o(i.RCCEx_PLL3_Config)
    i.SDMMC2_IRQHandler                      0x080035b8   Section        0  stm32h7xx_it.o(i.SDMMC2_IRQHandler)
    i.SDMMC_CmdAppCommand                    0x080035c4   Section        0  stm32h7xx_ll_sdmmc.o(i.SDMMC_CmdAppCommand)
    i.SDMMC_CmdAppOperCommand                0x080035f8   Section        0  stm32h7xx_ll_sdmmc.o(i.SDMMC_CmdAppOperCommand)
    i.SDMMC_CmdBlockLength                   0x08003626   Section        0  stm32h7xx_ll_sdmmc.o(i.SDMMC_CmdBlockLength)
    i.SDMMC_CmdBusWidth                      0x08003658   Section        0  stm32h7xx_ll_sdmmc.o(i.SDMMC_CmdBusWidth)
    i.SDMMC_CmdGoIdleState                   0x0800368c   Section        0  stm32h7xx_ll_sdmmc.o(i.SDMMC_CmdGoIdleState)
    i.SDMMC_CmdOperCond                      0x080036e0   Section        0  stm32h7xx_ll_sdmmc.o(i.SDMMC_CmdOperCond)
    i.SDMMC_CmdReadMultiBlock                0x08003708   Section        0  stm32h7xx_ll_sdmmc.o(i.SDMMC_CmdReadMultiBlock)
    i.SDMMC_CmdReadSingleBlock               0x0800373c   Section        0  stm32h7xx_ll_sdmmc.o(i.SDMMC_CmdReadSingleBlock)
    i.SDMMC_CmdSelDesel                      0x08003770   Section        0  stm32h7xx_ll_sdmmc.o(i.SDMMC_CmdSelDesel)
    i.SDMMC_CmdSendCID                       0x080037a4   Section        0  stm32h7xx_ll_sdmmc.o(i.SDMMC_CmdSendCID)
    i.SDMMC_CmdSendCSD                       0x080037d0   Section        0  stm32h7xx_ll_sdmmc.o(i.SDMMC_CmdSendCSD)
    i.SDMMC_CmdSendSCR                       0x08003800   Section        0  stm32h7xx_ll_sdmmc.o(i.SDMMC_CmdSendSCR)
    i.SDMMC_CmdSendStatus                    0x08003832   Section        0  stm32h7xx_ll_sdmmc.o(i.SDMMC_CmdSendStatus)
    i.SDMMC_CmdSetRelAdd                     0x08003866   Section        0  stm32h7xx_ll_sdmmc.o(i.SDMMC_CmdSetRelAdd)
    i.SDMMC_CmdStatusRegister                0x08003898   Section        0  stm32h7xx_ll_sdmmc.o(i.SDMMC_CmdStatusRegister)
    i.SDMMC_CmdStopTransfer                  0x080038cc   Section        0  stm32h7xx_ll_sdmmc.o(i.SDMMC_CmdStopTransfer)
    i.SDMMC_CmdWriteMultiBlock               0x08003920   Section        0  stm32h7xx_ll_sdmmc.o(i.SDMMC_CmdWriteMultiBlock)
    i.SDMMC_CmdWriteSingleBlock              0x08003954   Section        0  stm32h7xx_ll_sdmmc.o(i.SDMMC_CmdWriteSingleBlock)
    i.SDMMC_ConfigData                       0x08003988   Section        0  stm32h7xx_ll_sdmmc.o(i.SDMMC_ConfigData)
    i.SDMMC_GetCmdResp1                      0x080039b0   Section        0  stm32h7xx_ll_sdmmc.o(i.SDMMC_GetCmdResp1)
    i.SDMMC_GetCmdResp2                      0x08003ad4   Section        0  stm32h7xx_ll_sdmmc.o(i.SDMMC_GetCmdResp2)
    i.SDMMC_GetCmdResp3                      0x08003b28   Section        0  stm32h7xx_ll_sdmmc.o(i.SDMMC_GetCmdResp3)
    i.SDMMC_GetCmdResp6                      0x08003b70   Section        0  stm32h7xx_ll_sdmmc.o(i.SDMMC_GetCmdResp6)
    i.SDMMC_GetCmdResp7                      0x08003bfc   Section        0  stm32h7xx_ll_sdmmc.o(i.SDMMC_GetCmdResp7)
    i.SDMMC_GetPowerState                    0x08003c54   Section        0  stm32h7xx_ll_sdmmc.o(i.SDMMC_GetPowerState)
    i.SDMMC_GetResponse                      0x08003c5c   Section        0  stm32h7xx_ll_sdmmc.o(i.SDMMC_GetResponse)
    i.SDMMC_Init                             0x08003c64   Section        0  stm32h7xx_ll_sdmmc.o(i.SDMMC_Init)
    i.SDMMC_PowerState_ON                    0x08003c84   Section        0  stm32h7xx_ll_sdmmc.o(i.SDMMC_PowerState_ON)
    i.SDMMC_ReadFIFO                         0x08003c90   Section        0  stm32h7xx_ll_sdmmc.o(i.SDMMC_ReadFIFO)
    i.SDMMC_SendCommand                      0x08003c98   Section        0  stm32h7xx_ll_sdmmc.o(i.SDMMC_SendCommand)
    i.SDMMC_WriteFIFO                        0x08003cc0   Section        0  stm32h7xx_ll_sdmmc.o(i.SDMMC_WriteFIFO)
    i.SD_CheckStatus                         0x08003ccc   Section        0  sd_diskio.o(i.SD_CheckStatus)
    SD_CheckStatus                           0x08003ccd   Thumb Code    26  sd_diskio.o(i.SD_CheckStatus)
    i.SD_FindSCR                             0x08003cec   Section        0  stm32h7xx_hal_sd.o(i.SD_FindSCR)
    SD_FindSCR                               0x08003ced   Thumb Code   224  stm32h7xx_hal_sd.o(i.SD_FindSCR)
    i.SD_InitCard                            0x08003dd0   Section        0  stm32h7xx_hal_sd.o(i.SD_InitCard)
    SD_InitCard                              0x08003dd1   Thumb Code   246  stm32h7xx_hal_sd.o(i.SD_InitCard)
    i.SD_PowerON                             0x08003ec8   Section        0  stm32h7xx_hal_sd.o(i.SD_PowerON)
    SD_PowerON                               0x08003ec9   Thumb Code   176  stm32h7xx_hal_sd.o(i.SD_PowerON)
    i.SD_SendSDStatus                        0x08003f7c   Section        0  stm32h7xx_hal_sd.o(i.SD_SendSDStatus)
    SD_SendSDStatus                          0x08003f7d   Thumb Code   222  stm32h7xx_hal_sd.o(i.SD_SendSDStatus)
    i.SD_initialize                          0x08004060   Section        0  sd_diskio.o(i.SD_initialize)
    i.SD_ioctl                               0x08004080   Section        0  sd_diskio.o(i.SD_ioctl)
    i.SD_read                                0x080040d8   Section        0  sd_diskio.o(i.SD_read)
    i.SD_status                              0x080040fe   Section        0  sd_diskio.o(i.SD_status)
    i.SD_write                               0x08004104   Section        0  sd_diskio.o(i.SD_write)
    i.SVC_Handler                            0x0800412a   Section        0  stm32h7xx_it.o(i.SVC_Handler)
    i.SysTick_Handler                        0x0800412c   Section        0  stm32h7xx_it.o(i.SysTick_Handler)
    i.SystemClock_Config                     0x08004130   Section        0  main.o(i.SystemClock_Config)
    i.SystemInit                             0x08004210   Section        0  system_stm32h7xx.o(i.SystemInit)
    i.UARTEx_SetNbDataToProcess              0x080042ec   Section        0  stm32h7xx_hal_uart_ex.o(i.UARTEx_SetNbDataToProcess)
    UARTEx_SetNbDataToProcess                0x080042ed   Thumb Code    62  stm32h7xx_hal_uart_ex.o(i.UARTEx_SetNbDataToProcess)
    i.UART_AdvFeatureConfig                  0x08004330   Section        0  stm32h7xx_hal_uart.o(i.UART_AdvFeatureConfig)
    i.UART_CheckIdleState                    0x080043f8   Section        0  stm32h7xx_hal_uart.o(i.UART_CheckIdleState)
    i.UART_EndRxTransfer                     0x080044a4   Section        0  stm32h7xx_hal_uart.o(i.UART_EndRxTransfer)
    UART_EndRxTransfer                       0x080044a5   Thumb Code    78  stm32h7xx_hal_uart.o(i.UART_EndRxTransfer)
    i.UART_SetConfig                         0x080044f8   Section        0  stm32h7xx_hal_uart.o(i.UART_SetConfig)
    i.UART_WaitOnFlagUntilTimeout            0x080048a4   Section        0  stm32h7xx_hal_uart.o(i.UART_WaitOnFlagUntilTimeout)
    i.UsageFault_Handler                     0x08004930   Section        0  stm32h7xx_it.o(i.UsageFault_Handler)
    i.__0printf$3                            0x08004934   Section        0  printf3.o(i.__0printf$3)
    i.__NVIC_SetPriority                     0x08004954   Section        0  stm32h7xx_hal_cortex.o(i.__NVIC_SetPriority)
    __NVIC_SetPriority                       0x08004955   Thumb Code    34  stm32h7xx_hal_cortex.o(i.__NVIC_SetPriority)
    i.__scatterload_copy                     0x08004976   Section       14  handlers.o(i.__scatterload_copy)
    i.__scatterload_null                     0x08004984   Section        2  handlers.o(i.__scatterload_null)
    i.__scatterload_zeroinit                 0x08004986   Section       14  handlers.o(i.__scatterload_zeroinit)
    i._printf_core                           0x08004994   Section        0  printf3.o(i._printf_core)
    _printf_core                             0x08004995   Thumb Code   436  printf3.o(i._printf_core)
    i.check_fs                               0x08004b4c   Section        0  ff.o(i.check_fs)
    check_fs                                 0x08004b4d   Thumb Code   102  ff.o(i.check_fs)
    i.chk_lock                               0x08004bbc   Section        0  ff.o(i.chk_lock)
    chk_lock                                 0x08004bbd   Thumb Code    86  ff.o(i.chk_lock)
    i.clear_lock                             0x08004c18   Section        0  ff.o(i.clear_lock)
    clear_lock                               0x08004c19   Thumb Code    28  ff.o(i.clear_lock)
    i.clmt_clust                             0x08004c38   Section        0  ff.o(i.clmt_clust)
    clmt_clust                               0x08004c39   Thumb Code    36  ff.o(i.clmt_clust)
    i.clust2sect                             0x08004c5c   Section        0  ff.o(i.clust2sect)
    clust2sect                               0x08004c5d   Thumb Code    24  ff.o(i.clust2sect)
    i.create_chain                           0x08004c74   Section        0  ff.o(i.create_chain)
    create_chain                             0x08004c75   Thumb Code   166  ff.o(i.create_chain)
    i.create_name                            0x08004d1c   Section        0  ff.o(i.create_name)
    create_name                              0x08004d1d   Thumb Code   168  ff.o(i.create_name)
    i.dec_lock                               0x08004dd8   Section        0  ff.o(i.dec_lock)
    dec_lock                                 0x08004dd9   Thumb Code    48  ff.o(i.dec_lock)
    i.dir_find                               0x08004e0c   Section        0  ff.o(i.dir_find)
    dir_find                                 0x08004e0d   Thumb Code   102  ff.o(i.dir_find)
    i.dir_next                               0x08004e74   Section        0  ff.o(i.dir_next)
    dir_next                                 0x08004e75   Thumb Code   244  ff.o(i.dir_next)
    i.dir_register                           0x08004f68   Section        0  ff.o(i.dir_register)
    dir_register                             0x08004f69   Thumb Code   102  ff.o(i.dir_register)
    i.dir_sdi                                0x08004fce   Section        0  ff.o(i.dir_sdi)
    dir_sdi                                  0x08004fcf   Thumb Code   130  ff.o(i.dir_sdi)
    i.disk_initialize                        0x08005050   Section        0  diskio.o(i.disk_initialize)
    i.disk_ioctl                             0x08005078   Section        0  diskio.o(i.disk_ioctl)
    i.disk_read                              0x08005090   Section        0  diskio.o(i.disk_read)
    i.disk_status                            0x080050ac   Section        0  diskio.o(i.disk_status)
    i.disk_write                             0x080050c0   Section        0  diskio.o(i.disk_write)
    i.f_close                                0x080050dc   Section        0  ff.o(i.f_close)
    i.f_mkfs                                 0x08005104   Section        0  ff.o(i.f_mkfs)
    i.f_mount                                0x0800565c   Section        0  ff.o(i.f_mount)
    i.f_open                                 0x080056b4   Section        0  ff.o(i.f_open)
    i.f_read                                 0x080058c4   Section        0  ff.o(i.f_read)
    i.f_sync                                 0x08005a18   Section        0  ff.o(i.f_sync)
    i.f_write                                0x08005aa6   Section        0  ff.o(i.f_write)
    i.find_volume                            0x08005c34   Section        0  ff.o(i.find_volume)
    find_volume                              0x08005c35   Thumb Code   586  ff.o(i.find_volume)
    i.follow_path                            0x08005e8c   Section        0  ff.o(i.follow_path)
    follow_path                              0x08005e8d   Thumb Code   116  ff.o(i.follow_path)
    i.fputc                                  0x08005f00   Section        0  main.o(i.fputc)
    i.get_fat                                0x08005f18   Section        0  ff.o(i.get_fat)
    get_fat                                  0x08005f19   Thumb Code   190  ff.o(i.get_fat)
    i.get_fattime                            0x08005fd6   Section        0  fatfs.o(i.get_fattime)
    i.get_ldnumber                           0x08005fda   Section        0  ff.o(i.get_ldnumber)
    get_ldnumber                             0x08005fdb   Thumb Code    60  ff.o(i.get_ldnumber)
    i.inc_lock                               0x08006018   Section        0  ff.o(i.inc_lock)
    inc_lock                                 0x08006019   Thumb Code   124  ff.o(i.inc_lock)
    i.ld_clust                               0x08006098   Section        0  ff.o(i.ld_clust)
    ld_clust                                 0x08006099   Thumb Code    38  ff.o(i.ld_clust)
    i.ld_dword                               0x080060be   Section        0  ff.o(i.ld_dword)
    ld_dword                                 0x080060bf   Thumb Code    22  ff.o(i.ld_dword)
    i.ld_word                                0x080060d4   Section        0  ff.o(i.ld_word)
    ld_word                                  0x080060d5   Thumb Code    10  ff.o(i.ld_word)
    i.main                                   0x080060e0   Section        0  main.o(i.main)
    i.mem_cpy                                0x08006130   Section        0  ff.o(i.mem_cpy)
    mem_cpy                                  0x08006131   Thumb Code    18  ff.o(i.mem_cpy)
    i.mem_set                                0x08006144   Section        0  ff.o(i.mem_set)
    mem_set                                  0x08006145   Thumb Code    14  ff.o(i.mem_set)
    i.move_window                            0x08006152   Section        0  ff.o(i.move_window)
    move_window                              0x08006153   Thumb Code    50  ff.o(i.move_window)
    i.printf_fatfs_error                     0x08006184   Section        0  fatfs.o(i.printf_fatfs_error)
    i.put_fat                                0x080063d0   Section        0  ff.o(i.put_fat)
    put_fat                                  0x080063d1   Thumb Code   240  ff.o(i.put_fat)
    i.remove_chain                           0x080064c0   Section        0  ff.o(i.remove_chain)
    remove_chain                             0x080064c1   Thumb Code   116  ff.o(i.remove_chain)
    i.sd_card_test                           0x08006534   Section        0  fatfs.o(i.sd_card_test)
    i.st_clust                               0x0800691c   Section        0  ff.o(i.st_clust)
    st_clust                                 0x0800691d   Thumb Code    40  ff.o(i.st_clust)
    i.st_dword                               0x08006944   Section        0  ff.o(i.st_dword)
    st_dword                                 0x08006945   Thumb Code    16  ff.o(i.st_dword)
    i.st_word                                0x08006954   Section        0  ff.o(i.st_word)
    st_word                                  0x08006955   Thumb Code     8  ff.o(i.st_word)
    i.sync_fs                                0x0800695c   Section        0  ff.o(i.sync_fs)
    sync_fs                                  0x0800695d   Thumb Code   126  ff.o(i.sync_fs)
    i.sync_window                            0x080069e4   Section        0  ff.o(i.sync_window)
    sync_window                              0x080069e5   Thumb Code    82  ff.o(i.sync_window)
    i.validate                               0x08006a36   Section        0  ff.o(i.validate)
    validate                                 0x08006a37   Thumb Code    52  ff.o(i.validate)
    .constdata                               0x08006a6c   Section       20  sd_diskio.o(.constdata)
    .constdata                               0x08006a80   Section       24  stm32h7xx_hal_uart.o(.constdata)
    .constdata                               0x08006a98   Section       16  stm32h7xx_hal_uart_ex.o(.constdata)
    numerator                                0x08006a98   Data           8  stm32h7xx_hal_uart_ex.o(.constdata)
    denominator                              0x08006aa0   Data           8  stm32h7xx_hal_uart_ex.o(.constdata)
    .constdata                               0x08006aa8   Section       16  system_stm32h7xx.o(.constdata)
    .constdata                               0x08006ab8   Section      156  ff.o(.constdata)
    ExCvt                                    0x08006ab8   Data         128  ff.o(.constdata)
    cst                                      0x08006b38   Data          14  ff.o(.constdata)
    cst32                                    0x08006b46   Data          14  ff.o(.constdata)
    .data                                    0x24000000   Section        1  sd_diskio.o(.data)
    Stat                                     0x24000000   Data           1  sd_diskio.o(.data)
    .data                                    0x24000004   Section       53  fatfs.o(.data)
    .data                                    0x2400003c   Section       12  stm32h7xx_hal.o(.data)
    .data                                    0x24000048   Section        8  system_stm32h7xx.o(.data)
    .data                                    0x24000050   Section        8  ff.o(.data)
    Fsid                                     0x24000050   Data           2  ff.o(.data)
    FatFs                                    0x24000054   Data           4  ff.o(.data)
    .data                                    0x24000058   Section        4  stdout.o(.data)
    .bss                                     0x2400005c   Section      124  sdmmc.o(.bss)
    .bss                                     0x240000d8   Section      148  usart.o(.bss)
    .bss                                     0x2400016c   Section     2144  fatfs.o(.bss)
    .bss                                     0x240009cc   Section       32  ff.o(.bss)
    Files                                    0x240009cc   Data          32  ff.o(.bss)
    .bss                                     0x240009ec   Section       12  ff_gen_drv.o(.bss)
    STACK                                    0x240009f8   Section     1024  startup_stm32h743xx.o(STACK)

    Global Symbols

    Symbol Name                              Value     Ov Type        Size  Object(Section)

    BuildAttributes$$THM_ISAv4$E$P$D$K$B$S$7EM$VFPv5_D16$PE$PLD8$A:L22UL41UL21$X:L11$S22US41US21$IEEE1$IW$USESV6$~STKCKD$USESV7$~SHL$OSPACE$ROPI$EBA8$MICROLIB$REQ8$PRES8$EABIv2 0x00000000   Number         0  anon$$obj.o ABSOLUTE
    __ARM_use_no_argv                        0x00000000   Number         0  main.o ABSOLUTE
    _printf_a                                0x00000000   Number         0  stubs.o ABSOLUTE
    _printf_c                                0x00000000   Number         0  stubs.o ABSOLUTE
    _printf_charcount                        0x00000000   Number         0  stubs.o ABSOLUTE
    _printf_d                                0x00000000   Number         0  stubs.o ABSOLUTE
    _printf_e                                0x00000000   Number         0  stubs.o ABSOLUTE
    _printf_f                                0x00000000   Number         0  stubs.o ABSOLUTE
    _printf_flags                            0x00000000   Number         0  stubs.o ABSOLUTE
    _printf_fp_dec                           0x00000000   Number         0  stubs.o ABSOLUTE
    _printf_fp_hex                           0x00000000   Number         0  stubs.o ABSOLUTE
    _printf_g                                0x00000000   Number         0  stubs.o ABSOLUTE
    _printf_i                                0x00000000   Number         0  stubs.o ABSOLUTE
    _printf_int_dec                          0x00000000   Number         0  stubs.o ABSOLUTE
    _printf_l                                0x00000000   Number         0  stubs.o ABSOLUTE
    _printf_lc                               0x00000000   Number         0  stubs.o ABSOLUTE
    _printf_ll                               0x00000000   Number         0  stubs.o ABSOLUTE
    _printf_lld                              0x00000000   Number         0  stubs.o ABSOLUTE
    _printf_lli                              0x00000000   Number         0  stubs.o ABSOLUTE
    _printf_llo                              0x00000000   Number         0  stubs.o ABSOLUTE
    _printf_llu                              0x00000000   Number         0  stubs.o ABSOLUTE
    _printf_llx                              0x00000000   Number         0  stubs.o ABSOLUTE
    _printf_longlong_dec                     0x00000000   Number         0  stubs.o ABSOLUTE
    _printf_longlong_hex                     0x00000000   Number         0  stubs.o ABSOLUTE
    _printf_longlong_oct                     0x00000000   Number         0  stubs.o ABSOLUTE
    _printf_ls                               0x00000000   Number         0  stubs.o ABSOLUTE
    _printf_mbtowc                           0x00000000   Number         0  stubs.o ABSOLUTE
    _printf_n                                0x00000000   Number         0  stubs.o ABSOLUTE
    _printf_o                                0x00000000   Number         0  stubs.o ABSOLUTE
    _printf_p                                0x00000000   Number         0  stubs.o ABSOLUTE
    _printf_percent                          0x00000000   Number         0  stubs.o ABSOLUTE
    _printf_pre_padding                      0x00000000   Number         0  stubs.o ABSOLUTE
    _printf_return_value                     0x00000000   Number         0  stubs.o ABSOLUTE
    _printf_s                                0x00000000   Number         0  stubs.o ABSOLUTE
    _printf_sizespec                         0x00000000   Number         0  stubs.o ABSOLUTE
    _printf_str                              0x00000000   Number         0  stubs.o ABSOLUTE
    _printf_truncate_signed                  0x00000000   Number         0  stubs.o ABSOLUTE
    _printf_truncate_unsigned                0x00000000   Number         0  stubs.o ABSOLUTE
    _printf_u                                0x00000000   Number         0  stubs.o ABSOLUTE
    _printf_wc                               0x00000000   Number         0  stubs.o ABSOLUTE
    _printf_wctomb                           0x00000000   Number         0  stubs.o ABSOLUTE
    _printf_widthprec                        0x00000000   Number         0  stubs.o ABSOLUTE
    _printf_x                                0x00000000   Number         0  stubs.o ABSOLUTE
    __arm_fini_                               - Undefined Weak Reference
    __cpp_initialize__aeabi_                  - Undefined Weak Reference
    __cxa_finalize                            - Undefined Weak Reference
    __decompress                              - Undefined Weak Reference
    _clock_init                               - Undefined Weak Reference
    _microlib_exit                            - Undefined Weak Reference
    __Vectors_Size                           0x00000298   Number         0  startup_stm32h743xx.o ABSOLUTE
    __Vectors                                0x08000000   Data           4  startup_stm32h743xx.o(RESET)
    __Vectors_End                            0x08000298   Data           0  startup_stm32h743xx.o(RESET)
    __main                                   0x08000299   Thumb Code     0  entry.o(.ARM.Collect$$$$00000000)
    _main_stk                                0x08000299   Thumb Code     0  entry2.o(.ARM.Collect$$$$00000001)
    _main_scatterload                        0x0800029d   Thumb Code     0  entry5.o(.ARM.Collect$$$$00000004)
    __main_after_scatterload                 0x080002a1   Thumb Code     0  entry5.o(.ARM.Collect$$$$00000004)
    _main_clock                              0x080002a1   Thumb Code     0  entry7b.o(.ARM.Collect$$$$00000008)
    _main_cpp_init                           0x080002a1   Thumb Code     0  entry8b.o(.ARM.Collect$$$$0000000A)
    _main_init                               0x080002a1   Thumb Code     0  entry9a.o(.ARM.Collect$$$$0000000B)
    __rt_lib_shutdown_fini                   0x080002a9   Thumb Code     0  entry12b.o(.ARM.Collect$$$$0000000E)
    __rt_final_cpp                           0x080002ad   Thumb Code     0  entry10a.o(.ARM.Collect$$$$0000000F)
    __rt_final_exit                          0x080002ad   Thumb Code     0  entry11a.o(.ARM.Collect$$$$00000011)
    Reset_Handler                            0x080002b1   Thumb Code     8  startup_stm32h743xx.o(.text)
    ADC3_IRQHandler                          0x080002cb   Thumb Code     0  startup_stm32h743xx.o(.text)
    ADC_IRQHandler                           0x080002cb   Thumb Code     0  startup_stm32h743xx.o(.text)
    BDMA_Channel0_IRQHandler                 0x080002cb   Thumb Code     0  startup_stm32h743xx.o(.text)
    BDMA_Channel1_IRQHandler                 0x080002cb   Thumb Code     0  startup_stm32h743xx.o(.text)
    BDMA_Channel2_IRQHandler                 0x080002cb   Thumb Code     0  startup_stm32h743xx.o(.text)
    BDMA_Channel3_IRQHandler                 0x080002cb   Thumb Code     0  startup_stm32h743xx.o(.text)
    BDMA_Channel4_IRQHandler                 0x080002cb   Thumb Code     0  startup_stm32h743xx.o(.text)
    BDMA_Channel5_IRQHandler                 0x080002cb   Thumb Code     0  startup_stm32h743xx.o(.text)
    BDMA_Channel6_IRQHandler                 0x080002cb   Thumb Code     0  startup_stm32h743xx.o(.text)
    BDMA_Channel7_IRQHandler                 0x080002cb   Thumb Code     0  startup_stm32h743xx.o(.text)
    CEC_IRQHandler                           0x080002cb   Thumb Code     0  startup_stm32h743xx.o(.text)
    COMP1_IRQHandler                         0x080002cb   Thumb Code     0  startup_stm32h743xx.o(.text)
    CRS_IRQHandler                           0x080002cb   Thumb Code     0  startup_stm32h743xx.o(.text)
    DCMI_IRQHandler                          0x080002cb   Thumb Code     0  startup_stm32h743xx.o(.text)
    DFSDM1_FLT0_IRQHandler                   0x080002cb   Thumb Code     0  startup_stm32h743xx.o(.text)
    DFSDM1_FLT1_IRQHandler                   0x080002cb   Thumb Code     0  startup_stm32h743xx.o(.text)
    DFSDM1_FLT2_IRQHandler                   0x080002cb   Thumb Code     0  startup_stm32h743xx.o(.text)
    DFSDM1_FLT3_IRQHandler                   0x080002cb   Thumb Code     0  startup_stm32h743xx.o(.text)
    DMA1_Stream0_IRQHandler                  0x080002cb   Thumb Code     0  startup_stm32h743xx.o(.text)
    DMA1_Stream1_IRQHandler                  0x080002cb   Thumb Code     0  startup_stm32h743xx.o(.text)
    DMA1_Stream2_IRQHandler                  0x080002cb   Thumb Code     0  startup_stm32h743xx.o(.text)
    DMA1_Stream3_IRQHandler                  0x080002cb   Thumb Code     0  startup_stm32h743xx.o(.text)
    DMA1_Stream4_IRQHandler                  0x080002cb   Thumb Code     0  startup_stm32h743xx.o(.text)
    DMA1_Stream5_IRQHandler                  0x080002cb   Thumb Code     0  startup_stm32h743xx.o(.text)
    DMA1_Stream6_IRQHandler                  0x080002cb   Thumb Code     0  startup_stm32h743xx.o(.text)
    DMA1_Stream7_IRQHandler                  0x080002cb   Thumb Code     0  startup_stm32h743xx.o(.text)
    DMA2D_IRQHandler                         0x080002cb   Thumb Code     0  startup_stm32h743xx.o(.text)
    DMA2_Stream0_IRQHandler                  0x080002cb   Thumb Code     0  startup_stm32h743xx.o(.text)
    DMA2_Stream1_IRQHandler                  0x080002cb   Thumb Code     0  startup_stm32h743xx.o(.text)
    DMA2_Stream2_IRQHandler                  0x080002cb   Thumb Code     0  startup_stm32h743xx.o(.text)
    DMA2_Stream3_IRQHandler                  0x080002cb   Thumb Code     0  startup_stm32h743xx.o(.text)
    DMA2_Stream4_IRQHandler                  0x080002cb   Thumb Code     0  startup_stm32h743xx.o(.text)
    DMA2_Stream5_IRQHandler                  0x080002cb   Thumb Code     0  startup_stm32h743xx.o(.text)
    DMA2_Stream6_IRQHandler                  0x080002cb   Thumb Code     0  startup_stm32h743xx.o(.text)
    DMA2_Stream7_IRQHandler                  0x080002cb   Thumb Code     0  startup_stm32h743xx.o(.text)
    DMAMUX1_OVR_IRQHandler                   0x080002cb   Thumb Code     0  startup_stm32h743xx.o(.text)
    DMAMUX2_OVR_IRQHandler                   0x080002cb   Thumb Code     0  startup_stm32h743xx.o(.text)
    ECC_IRQHandler                           0x080002cb   Thumb Code     0  startup_stm32h743xx.o(.text)
    ETH_IRQHandler                           0x080002cb   Thumb Code     0  startup_stm32h743xx.o(.text)
    ETH_WKUP_IRQHandler                      0x080002cb   Thumb Code     0  startup_stm32h743xx.o(.text)
    EXTI0_IRQHandler                         0x080002cb   Thumb Code     0  startup_stm32h743xx.o(.text)
    EXTI15_10_IRQHandler                     0x080002cb   Thumb Code     0  startup_stm32h743xx.o(.text)
    EXTI1_IRQHandler                         0x080002cb   Thumb Code     0  startup_stm32h743xx.o(.text)
    EXTI2_IRQHandler                         0x080002cb   Thumb Code     0  startup_stm32h743xx.o(.text)
    EXTI3_IRQHandler                         0x080002cb   Thumb Code     0  startup_stm32h743xx.o(.text)
    EXTI4_IRQHandler                         0x080002cb   Thumb Code     0  startup_stm32h743xx.o(.text)
    EXTI9_5_IRQHandler                       0x080002cb   Thumb Code     0  startup_stm32h743xx.o(.text)
    FDCAN1_IT0_IRQHandler                    0x080002cb   Thumb Code     0  startup_stm32h743xx.o(.text)
    FDCAN1_IT1_IRQHandler                    0x080002cb   Thumb Code     0  startup_stm32h743xx.o(.text)
    FDCAN2_IT0_IRQHandler                    0x080002cb   Thumb Code     0  startup_stm32h743xx.o(.text)
    FDCAN2_IT1_IRQHandler                    0x080002cb   Thumb Code     0  startup_stm32h743xx.o(.text)
    FDCAN_CAL_IRQHandler                     0x080002cb   Thumb Code     0  startup_stm32h743xx.o(.text)
    FLASH_IRQHandler                         0x080002cb   Thumb Code     0  startup_stm32h743xx.o(.text)
    FMC_IRQHandler                           0x080002cb   Thumb Code     0  startup_stm32h743xx.o(.text)
    FPU_IRQHandler                           0x080002cb   Thumb Code     0  startup_stm32h743xx.o(.text)
    HRTIM1_FLT_IRQHandler                    0x080002cb   Thumb Code     0  startup_stm32h743xx.o(.text)
    HRTIM1_Master_IRQHandler                 0x080002cb   Thumb Code     0  startup_stm32h743xx.o(.text)
    HRTIM1_TIMA_IRQHandler                   0x080002cb   Thumb Code     0  startup_stm32h743xx.o(.text)
    HRTIM1_TIMB_IRQHandler                   0x080002cb   Thumb Code     0  startup_stm32h743xx.o(.text)
    HRTIM1_TIMC_IRQHandler                   0x080002cb   Thumb Code     0  startup_stm32h743xx.o(.text)
    HRTIM1_TIMD_IRQHandler                   0x080002cb   Thumb Code     0  startup_stm32h743xx.o(.text)
    HRTIM1_TIME_IRQHandler                   0x080002cb   Thumb Code     0  startup_stm32h743xx.o(.text)
    HSEM1_IRQHandler                         0x080002cb   Thumb Code     0  startup_stm32h743xx.o(.text)
    I2C1_ER_IRQHandler                       0x080002cb   Thumb Code     0  startup_stm32h743xx.o(.text)
    I2C1_EV_IRQHandler                       0x080002cb   Thumb Code     0  startup_stm32h743xx.o(.text)
    I2C2_ER_IRQHandler                       0x080002cb   Thumb Code     0  startup_stm32h743xx.o(.text)
    I2C2_EV_IRQHandler                       0x080002cb   Thumb Code     0  startup_stm32h743xx.o(.text)
    I2C3_ER_IRQHandler                       0x080002cb   Thumb Code     0  startup_stm32h743xx.o(.text)
    I2C3_EV_IRQHandler                       0x080002cb   Thumb Code     0  startup_stm32h743xx.o(.text)
    I2C4_ER_IRQHandler                       0x080002cb   Thumb Code     0  startup_stm32h743xx.o(.text)
    I2C4_EV_IRQHandler                       0x080002cb   Thumb Code     0  startup_stm32h743xx.o(.text)
    JPEG_IRQHandler                          0x080002cb   Thumb Code     0  startup_stm32h743xx.o(.text)
    LPTIM1_IRQHandler                        0x080002cb   Thumb Code     0  startup_stm32h743xx.o(.text)
    LPTIM2_IRQHandler                        0x080002cb   Thumb Code     0  startup_stm32h743xx.o(.text)
    LPTIM3_IRQHandler                        0x080002cb   Thumb Code     0  startup_stm32h743xx.o(.text)
    LPTIM4_IRQHandler                        0x080002cb   Thumb Code     0  startup_stm32h743xx.o(.text)
    LPTIM5_IRQHandler                        0x080002cb   Thumb Code     0  startup_stm32h743xx.o(.text)
    LPUART1_IRQHandler                       0x080002cb   Thumb Code     0  startup_stm32h743xx.o(.text)
    LTDC_ER_IRQHandler                       0x080002cb   Thumb Code     0  startup_stm32h743xx.o(.text)
    LTDC_IRQHandler                          0x080002cb   Thumb Code     0  startup_stm32h743xx.o(.text)
    MDIOS_IRQHandler                         0x080002cb   Thumb Code     0  startup_stm32h743xx.o(.text)
    MDIOS_WKUP_IRQHandler                    0x080002cb   Thumb Code     0  startup_stm32h743xx.o(.text)
    MDMA_IRQHandler                          0x080002cb   Thumb Code     0  startup_stm32h743xx.o(.text)
    OTG_FS_EP1_IN_IRQHandler                 0x080002cb   Thumb Code     0  startup_stm32h743xx.o(.text)
    OTG_FS_EP1_OUT_IRQHandler                0x080002cb   Thumb Code     0  startup_stm32h743xx.o(.text)
    OTG_FS_IRQHandler                        0x080002cb   Thumb Code     0  startup_stm32h743xx.o(.text)
    OTG_FS_WKUP_IRQHandler                   0x080002cb   Thumb Code     0  startup_stm32h743xx.o(.text)
    OTG_HS_EP1_IN_IRQHandler                 0x080002cb   Thumb Code     0  startup_stm32h743xx.o(.text)
    OTG_HS_EP1_OUT_IRQHandler                0x080002cb   Thumb Code     0  startup_stm32h743xx.o(.text)
    OTG_HS_IRQHandler                        0x080002cb   Thumb Code     0  startup_stm32h743xx.o(.text)
    OTG_HS_WKUP_IRQHandler                   0x080002cb   Thumb Code     0  startup_stm32h743xx.o(.text)
    PVD_AVD_IRQHandler                       0x080002cb   Thumb Code     0  startup_stm32h743xx.o(.text)
    QUADSPI_IRQHandler                       0x080002cb   Thumb Code     0  startup_stm32h743xx.o(.text)
    RCC_IRQHandler                           0x080002cb   Thumb Code     0  startup_stm32h743xx.o(.text)
    RNG_IRQHandler                           0x080002cb   Thumb Code     0  startup_stm32h743xx.o(.text)
    RTC_Alarm_IRQHandler                     0x080002cb   Thumb Code     0  startup_stm32h743xx.o(.text)
    RTC_WKUP_IRQHandler                      0x080002cb   Thumb Code     0  startup_stm32h743xx.o(.text)
    SAI1_IRQHandler                          0x080002cb   Thumb Code     0  startup_stm32h743xx.o(.text)
    SAI2_IRQHandler                          0x080002cb   Thumb Code     0  startup_stm32h743xx.o(.text)
    SAI3_IRQHandler                          0x080002cb   Thumb Code     0  startup_stm32h743xx.o(.text)
    SAI4_IRQHandler                          0x080002cb   Thumb Code     0  startup_stm32h743xx.o(.text)
    SDMMC1_IRQHandler                        0x080002cb   Thumb Code     0  startup_stm32h743xx.o(.text)
    SPDIF_RX_IRQHandler                      0x080002cb   Thumb Code     0  startup_stm32h743xx.o(.text)
    SPI1_IRQHandler                          0x080002cb   Thumb Code     0  startup_stm32h743xx.o(.text)
    SPI2_IRQHandler                          0x080002cb   Thumb Code     0  startup_stm32h743xx.o(.text)
    SPI3_IRQHandler                          0x080002cb   Thumb Code     0  startup_stm32h743xx.o(.text)
    SPI4_IRQHandler                          0x080002cb   Thumb Code     0  startup_stm32h743xx.o(.text)
    SPI5_IRQHandler                          0x080002cb   Thumb Code     0  startup_stm32h743xx.o(.text)
    SPI6_IRQHandler                          0x080002cb   Thumb Code     0  startup_stm32h743xx.o(.text)
    SWPMI1_IRQHandler                        0x080002cb   Thumb Code     0  startup_stm32h743xx.o(.text)
    TAMP_STAMP_IRQHandler                    0x080002cb   Thumb Code     0  startup_stm32h743xx.o(.text)
    TIM15_IRQHandler                         0x080002cb   Thumb Code     0  startup_stm32h743xx.o(.text)
    TIM16_IRQHandler                         0x080002cb   Thumb Code     0  startup_stm32h743xx.o(.text)
    TIM17_IRQHandler                         0x080002cb   Thumb Code     0  startup_stm32h743xx.o(.text)
    TIM1_BRK_IRQHandler                      0x080002cb   Thumb Code     0  startup_stm32h743xx.o(.text)
    TIM1_CC_IRQHandler                       0x080002cb   Thumb Code     0  startup_stm32h743xx.o(.text)
    TIM1_TRG_COM_IRQHandler                  0x080002cb   Thumb Code     0  startup_stm32h743xx.o(.text)
    TIM1_UP_IRQHandler                       0x080002cb   Thumb Code     0  startup_stm32h743xx.o(.text)
    TIM2_IRQHandler                          0x080002cb   Thumb Code     0  startup_stm32h743xx.o(.text)
    TIM3_IRQHandler                          0x080002cb   Thumb Code     0  startup_stm32h743xx.o(.text)
    TIM4_IRQHandler                          0x080002cb   Thumb Code     0  startup_stm32h743xx.o(.text)
    TIM5_IRQHandler                          0x080002cb   Thumb Code     0  startup_stm32h743xx.o(.text)
    TIM6_DAC_IRQHandler                      0x080002cb   Thumb Code     0  startup_stm32h743xx.o(.text)
    TIM7_IRQHandler                          0x080002cb   Thumb Code     0  startup_stm32h743xx.o(.text)
    TIM8_BRK_TIM12_IRQHandler                0x080002cb   Thumb Code     0  startup_stm32h743xx.o(.text)
    TIM8_CC_IRQHandler                       0x080002cb   Thumb Code     0  startup_stm32h743xx.o(.text)
    TIM8_TRG_COM_TIM14_IRQHandler            0x080002cb   Thumb Code     0  startup_stm32h743xx.o(.text)
    TIM8_UP_TIM13_IRQHandler                 0x080002cb   Thumb Code     0  startup_stm32h743xx.o(.text)
    UART4_IRQHandler                         0x080002cb   Thumb Code     0  startup_stm32h743xx.o(.text)
    UART5_IRQHandler                         0x080002cb   Thumb Code     0  startup_stm32h743xx.o(.text)
    UART7_IRQHandler                         0x080002cb   Thumb Code     0  startup_stm32h743xx.o(.text)
    UART8_IRQHandler                         0x080002cb   Thumb Code     0  startup_stm32h743xx.o(.text)
    USART1_IRQHandler                        0x080002cb   Thumb Code     0  startup_stm32h743xx.o(.text)
    USART2_IRQHandler                        0x080002cb   Thumb Code     0  startup_stm32h743xx.o(.text)
    USART3_IRQHandler                        0x080002cb   Thumb Code     0  startup_stm32h743xx.o(.text)
    USART6_IRQHandler                        0x080002cb   Thumb Code     0  startup_stm32h743xx.o(.text)
    WAKEUP_PIN_IRQHandler                    0x080002cb   Thumb Code     0  startup_stm32h743xx.o(.text)
    WWDG_IRQHandler                          0x080002cb   Thumb Code     0  startup_stm32h743xx.o(.text)
    __aeabi_uldivmod                         0x080002d5   Thumb Code    98  uldiv.o(.text)
    __aeabi_memset                           0x08000337   Thumb Code    14  memseta.o(.text)
    __aeabi_memset4                          0x08000337   Thumb Code     0  memseta.o(.text)
    __aeabi_memset8                          0x08000337   Thumb Code     0  memseta.o(.text)
    __aeabi_memclr                           0x08000345   Thumb Code     4  memseta.o(.text)
    __aeabi_memclr4                          0x08000345   Thumb Code     0  memseta.o(.text)
    __aeabi_memclr8                          0x08000345   Thumb Code     0  memseta.o(.text)
    _memset$wrapper                          0x08000349   Thumb Code    18  memseta.o(.text)
    __aeabi_uidiv                            0x0800035b   Thumb Code     0  uidiv.o(.text)
    __aeabi_uidivmod                         0x0800035b   Thumb Code    44  uidiv.o(.text)
    __aeabi_llsl                             0x08000387   Thumb Code    30  llshl.o(.text)
    _ll_shift_l                              0x08000387   Thumb Code     0  llshl.o(.text)
    __aeabi_llsr                             0x080003a5   Thumb Code    32  llushr.o(.text)
    _ll_ushift_r                             0x080003a5   Thumb Code     0  llushr.o(.text)
    __scatterload                            0x080003c5   Thumb Code    28  init.o(.text)
    __scatterload_rt2                        0x080003c5   Thumb Code     0  init.o(.text)
    BSP_SD_GetCardInfo                       0x080003e9   Thumb Code     8  bsp_driver_sd.o(i.BSP_SD_GetCardInfo)
    BSP_SD_GetCardState                      0x080003f5   Thumb Code    20  bsp_driver_sd.o(i.BSP_SD_GetCardState)
    BSP_SD_Init                              0x0800040d   Thumb Code    42  bsp_driver_sd.o(i.BSP_SD_Init)
    BSP_SD_IsDetected                        0x0800043d   Thumb Code    14  bsp_driver_sd.o(i.BSP_SD_IsDetected)
    BSP_SD_ReadBlocks                        0x0800044d   Thumb Code    26  bsp_driver_sd.o(i.BSP_SD_ReadBlocks)
    BSP_SD_ReadCpltCallback                  0x0800046d   Thumb Code     2  bsp_driver_sd.o(i.BSP_SD_ReadCpltCallback)
    BSP_SD_WriteBlocks                       0x08000471   Thumb Code    26  bsp_driver_sd.o(i.BSP_SD_WriteBlocks)
    BSP_SD_WriteCpltCallback                 0x08000491   Thumb Code     2  bsp_driver_sd.o(i.BSP_SD_WriteCpltCallback)
    BusFault_Handler                         0x08000493   Thumb Code     2  stm32h7xx_it.o(i.BusFault_Handler)
    DebugMon_Handler                         0x08000495   Thumb Code     2  stm32h7xx_it.o(i.DebugMon_Handler)
    Error_Handler                            0x08000497   Thumb Code     4  main.o(i.Error_Handler)
    FATFS_LinkDriver                         0x0800049b   Thumb Code     6  ff_gen_drv.o(i.FATFS_LinkDriver)
    FATFS_LinkDriverEx                       0x080004a1   Thumb Code    58  ff_gen_drv.o(i.FATFS_LinkDriverEx)
    FATFS_UnLinkDriver                       0x080004e1   Thumb Code     6  ff_gen_drv.o(i.FATFS_UnLinkDriver)
    FATFS_UnLinkDriverEx                     0x080004e9   Thumb Code    46  ff_gen_drv.o(i.FATFS_UnLinkDriverEx)
    HAL_Delay                                0x0800051d   Thumb Code    32  stm32h7xx_hal.o(i.HAL_Delay)
    HAL_GPIO_Init                            0x08000541   Thumb Code   506  stm32h7xx_hal_gpio.o(i.HAL_GPIO_Init)
    HAL_GPIO_TogglePin                       0x0800076d   Thumb Code    16  stm32h7xx_hal_gpio.o(i.HAL_GPIO_TogglePin)
    HAL_GetREVID                             0x0800077d   Thumb Code     8  stm32h7xx_hal.o(i.HAL_GetREVID)
    HAL_GetTick                              0x08000789   Thumb Code     6  stm32h7xx_hal.o(i.HAL_GetTick)
    HAL_IncTick                              0x08000795   Thumb Code    12  stm32h7xx_hal.o(i.HAL_IncTick)
    HAL_Init                                 0x080007a5   Thumb Code    74  stm32h7xx_hal.o(i.HAL_Init)
    HAL_InitTick                             0x08000801   Thumb Code    56  stm32h7xx_hal.o(i.HAL_InitTick)
    HAL_MspInit                              0x08000841   Thumb Code    22  stm32h7xx_hal_msp.o(i.HAL_MspInit)
    HAL_NVIC_EnableIRQ                       0x0800085d   Thumb Code    26  stm32h7xx_hal_cortex.o(i.HAL_NVIC_EnableIRQ)
    HAL_NVIC_SetPriority                     0x08000879   Thumb Code    60  stm32h7xx_hal_cortex.o(i.HAL_NVIC_SetPriority)
    HAL_NVIC_SetPriorityGrouping             0x080008b9   Thumb Code    28  stm32h7xx_hal_cortex.o(i.HAL_NVIC_SetPriorityGrouping)
    HAL_PWREx_ConfigSupply                   0x080008dd   Thumb Code    78  stm32h7xx_hal_pwr_ex.o(i.HAL_PWREx_ConfigSupply)
    HAL_RCCEx_GetD3PCLK1Freq                 0x08000931   Thumb Code    26  stm32h7xx_hal_rcc_ex.o(i.HAL_RCCEx_GetD3PCLK1Freq)
    HAL_RCCEx_GetPLL1ClockFreq               0x08000955   Thumb Code   298  stm32h7xx_hal_rcc_ex.o(i.HAL_RCCEx_GetPLL1ClockFreq)
    HAL_RCCEx_GetPLL2ClockFreq               0x08000a9d   Thumb Code   296  stm32h7xx_hal_rcc_ex.o(i.HAL_RCCEx_GetPLL2ClockFreq)
    HAL_RCCEx_GetPLL3ClockFreq               0x08000be1   Thumb Code   296  stm32h7xx_hal_rcc_ex.o(i.HAL_RCCEx_GetPLL3ClockFreq)
    HAL_RCCEx_GetPeriphCLKFreq               0x08000d25   Thumb Code   692  stm32h7xx_hal_rcc_ex.o(i.HAL_RCCEx_GetPeriphCLKFreq)
    HAL_RCCEx_PeriphCLKConfig                0x08000fed   Thumb Code  2472  stm32h7xx_hal_rcc_ex.o(i.HAL_RCCEx_PeriphCLKConfig)
    HAL_RCC_ClockConfig                      0x08001999   Thumb Code   580  stm32h7xx_hal_rcc.o(i.HAL_RCC_ClockConfig)
    HAL_RCC_GetHCLKFreq                      0x08001bf5   Thumb Code    52  stm32h7xx_hal_rcc.o(i.HAL_RCC_GetHCLKFreq)
    HAL_RCC_GetPCLK1Freq                     0x08001c39   Thumb Code    26  stm32h7xx_hal_rcc.o(i.HAL_RCC_GetPCLK1Freq)
    HAL_RCC_GetPCLK2Freq                     0x08001c5d   Thumb Code    26  stm32h7xx_hal_rcc.o(i.HAL_RCC_GetPCLK2Freq)
    HAL_RCC_GetSysClockFreq                  0x08001c81   Thumb Code   278  stm32h7xx_hal_rcc.o(i.HAL_RCC_GetSysClockFreq)
    HAL_RCC_OscConfig                        0x08001db9   Thumb Code  1410  stm32h7xx_hal_rcc.o(i.HAL_RCC_OscConfig)
    HAL_SDEx_Read_DMADoubleBuf0CpltCallback  0x0800233b   Thumb Code     2  stm32h7xx_hal_sd.o(i.HAL_SDEx_Read_DMADoubleBuf0CpltCallback)
    HAL_SDEx_Read_DMADoubleBuf1CpltCallback  0x0800233d   Thumb Code     2  stm32h7xx_hal_sd.o(i.HAL_SDEx_Read_DMADoubleBuf1CpltCallback)
    HAL_SDEx_Write_DMADoubleBuf0CpltCallback 0x0800233f   Thumb Code     2  stm32h7xx_hal_sd.o(i.HAL_SDEx_Write_DMADoubleBuf0CpltCallback)
    HAL_SDEx_Write_DMADoubleBuf1CpltCallback 0x08002341   Thumb Code     2  stm32h7xx_hal_sd.o(i.HAL_SDEx_Write_DMADoubleBuf1CpltCallback)
    HAL_SD_ConfigWideBusOperation            0x08002345   Thumb Code   378  stm32h7xx_hal_sd.o(i.HAL_SD_ConfigWideBusOperation)
    HAL_SD_ErrorCallback                     0x080024cd   Thumb Code     2  stm32h7xx_hal_sd.o(i.HAL_SD_ErrorCallback)
    HAL_SD_GetCardCSD                        0x080024d1   Thumb Code   440  stm32h7xx_hal_sd.o(i.HAL_SD_GetCardCSD)
    HAL_SD_GetCardInfo                       0x0800268d   Thumb Code    36  stm32h7xx_hal_sd.o(i.HAL_SD_GetCardInfo)
    HAL_SD_GetCardState                      0x080026b1   Thumb Code    44  stm32h7xx_hal_sd.o(i.HAL_SD_GetCardState)
    HAL_SD_GetCardStatus                     0x080026dd   Thumb Code   198  stm32h7xx_hal_sd.o(i.HAL_SD_GetCardStatus)
    HAL_SD_IRQHandler                        0x080027a9   Thumb Code   570  stm32h7xx_hal_sd.o(i.HAL_SD_IRQHandler)
    HAL_SD_Init                              0x080029e9   Thumb Code   154  stm32h7xx_hal_sd.o(i.HAL_SD_Init)
    HAL_SD_InitCard                          0x08002a85   Thumb Code   158  stm32h7xx_hal_sd.o(i.HAL_SD_InitCard)
    HAL_SD_MspInit                           0x08002b31   Thumb Code   180  sdmmc.o(i.HAL_SD_MspInit)
    HAL_SD_ReadBlocks                        0x08002bf5   Thumb Code   444  stm32h7xx_hal_sd.o(i.HAL_SD_ReadBlocks)
    HAL_SD_RxCpltCallback                    0x08002db9   Thumb Code     8  bsp_driver_sd.o(i.HAL_SD_RxCpltCallback)
    HAL_SD_TxCpltCallback                    0x08002dc1   Thumb Code     8  bsp_driver_sd.o(i.HAL_SD_TxCpltCallback)
    HAL_SD_WriteBlocks                       0x08002dc9   Thumb Code   466  stm32h7xx_hal_sd.o(i.HAL_SD_WriteBlocks)
    HAL_SYSTICK_Config                       0x08002fa5   Thumb Code    38  stm32h7xx_hal_cortex.o(i.HAL_SYSTICK_Config)
    HAL_UARTEx_DisableFifoMode               0x08002fcb   Thumb Code    64  stm32h7xx_hal_uart_ex.o(i.HAL_UARTEx_DisableFifoMode)
    HAL_UARTEx_SetRxFifoThreshold            0x0800300b   Thumb Code    76  stm32h7xx_hal_uart_ex.o(i.HAL_UARTEx_SetRxFifoThreshold)
    HAL_UARTEx_SetTxFifoThreshold            0x08003057   Thumb Code    76  stm32h7xx_hal_uart_ex.o(i.HAL_UARTEx_SetTxFifoThreshold)
    HAL_UART_Init                            0x080030a3   Thumb Code   106  stm32h7xx_hal_uart.o(i.HAL_UART_Init)
    HAL_UART_MspInit                         0x0800310d   Thumb Code   122  usart.o(i.HAL_UART_MspInit)
    HAL_UART_Transmit                        0x08003195   Thumb Code   176  stm32h7xx_hal_uart.o(i.HAL_UART_Transmit)
    HardFault_Handler                        0x08003245   Thumb Code     2  stm32h7xx_it.o(i.HardFault_Handler)
    MX_FATFS_Init                            0x08003249   Thumb Code    18  fatfs.o(i.MX_FATFS_Init)
    MX_GPIO_Init                             0x08003265   Thumb Code   118  gpio.o(i.MX_GPIO_Init)
    MX_SDMMC2_SD_Init                        0x080032e5   Thumb Code    28  sdmmc.o(i.MX_SDMMC2_SD_Init)
    MX_USART1_UART_Init                      0x08003309   Thumb Code    94  usart.o(i.MX_USART1_UART_Init)
    MemManage_Handler                        0x08003371   Thumb Code     2  stm32h7xx_it.o(i.MemManage_Handler)
    NMI_Handler                              0x08003373   Thumb Code     2  stm32h7xx_it.o(i.NMI_Handler)
    PendSV_Handler                           0x08003375   Thumb Code     2  stm32h7xx_it.o(i.PendSV_Handler)
    SDMMC2_IRQHandler                        0x080035b9   Thumb Code     6  stm32h7xx_it.o(i.SDMMC2_IRQHandler)
    SDMMC_CmdAppCommand                      0x080035c5   Thumb Code    52  stm32h7xx_ll_sdmmc.o(i.SDMMC_CmdAppCommand)
    SDMMC_CmdAppOperCommand                  0x080035f9   Thumb Code    46  stm32h7xx_ll_sdmmc.o(i.SDMMC_CmdAppOperCommand)
    SDMMC_CmdBlockLength                     0x08003627   Thumb Code    50  stm32h7xx_ll_sdmmc.o(i.SDMMC_CmdBlockLength)
    SDMMC_CmdBusWidth                        0x08003659   Thumb Code    52  stm32h7xx_ll_sdmmc.o(i.SDMMC_CmdBusWidth)
    SDMMC_CmdGoIdleState                     0x0800368d   Thumb Code    74  stm32h7xx_ll_sdmmc.o(i.SDMMC_CmdGoIdleState)
    SDMMC_CmdOperCond                        0x080036e1   Thumb Code    40  stm32h7xx_ll_sdmmc.o(i.SDMMC_CmdOperCond)
    SDMMC_CmdReadMultiBlock                  0x08003709   Thumb Code    52  stm32h7xx_ll_sdmmc.o(i.SDMMC_CmdReadMultiBlock)
    SDMMC_CmdReadSingleBlock                 0x0800373d   Thumb Code    52  stm32h7xx_ll_sdmmc.o(i.SDMMC_CmdReadSingleBlock)
    SDMMC_CmdSelDesel                        0x08003771   Thumb Code    52  stm32h7xx_ll_sdmmc.o(i.SDMMC_CmdSelDesel)
    SDMMC_CmdSendCID                         0x080037a5   Thumb Code    44  stm32h7xx_ll_sdmmc.o(i.SDMMC_CmdSendCID)
    SDMMC_CmdSendCSD                         0x080037d1   Thumb Code    48  stm32h7xx_ll_sdmmc.o(i.SDMMC_CmdSendCSD)
    SDMMC_CmdSendSCR                         0x08003801   Thumb Code    50  stm32h7xx_ll_sdmmc.o(i.SDMMC_CmdSendSCR)
    SDMMC_CmdSendStatus                      0x08003833   Thumb Code    52  stm32h7xx_ll_sdmmc.o(i.SDMMC_CmdSendStatus)
    SDMMC_CmdSetRelAdd                       0x08003867   Thumb Code    50  stm32h7xx_ll_sdmmc.o(i.SDMMC_CmdSetRelAdd)
    SDMMC_CmdStatusRegister                  0x08003899   Thumb Code    50  stm32h7xx_ll_sdmmc.o(i.SDMMC_CmdStatusRegister)
    SDMMC_CmdStopTransfer                    0x080038cd   Thumb Code    78  stm32h7xx_ll_sdmmc.o(i.SDMMC_CmdStopTransfer)
    SDMMC_CmdWriteMultiBlock                 0x08003921   Thumb Code    52  stm32h7xx_ll_sdmmc.o(i.SDMMC_CmdWriteMultiBlock)
    SDMMC_CmdWriteSingleBlock                0x08003955   Thumb Code    52  stm32h7xx_ll_sdmmc.o(i.SDMMC_CmdWriteSingleBlock)
    SDMMC_ConfigData                         0x08003989   Thumb Code    38  stm32h7xx_ll_sdmmc.o(i.SDMMC_ConfigData)
    SDMMC_GetCmdResp1                        0x080039b1   Thumb Code   280  stm32h7xx_ll_sdmmc.o(i.SDMMC_GetCmdResp1)
    SDMMC_GetCmdResp2                        0x08003ad5   Thumb Code    76  stm32h7xx_ll_sdmmc.o(i.SDMMC_GetCmdResp2)
    SDMMC_GetCmdResp3                        0x08003b29   Thumb Code    62  stm32h7xx_ll_sdmmc.o(i.SDMMC_GetCmdResp3)
    SDMMC_GetCmdResp6                        0x08003b71   Thumb Code   130  stm32h7xx_ll_sdmmc.o(i.SDMMC_GetCmdResp6)
    SDMMC_GetCmdResp7                        0x08003bfd   Thumb Code    82  stm32h7xx_ll_sdmmc.o(i.SDMMC_GetCmdResp7)
    SDMMC_GetPowerState                      0x08003c55   Thumb Code     8  stm32h7xx_ll_sdmmc.o(i.SDMMC_GetPowerState)
    SDMMC_GetResponse                        0x08003c5d   Thumb Code     6  stm32h7xx_ll_sdmmc.o(i.SDMMC_GetResponse)
    SDMMC_Init                               0x08003c65   Thumb Code    28  stm32h7xx_ll_sdmmc.o(i.SDMMC_Init)
    SDMMC_PowerState_ON                      0x08003c85   Thumb Code    12  stm32h7xx_ll_sdmmc.o(i.SDMMC_PowerState_ON)
    SDMMC_ReadFIFO                           0x08003c91   Thumb Code     6  stm32h7xx_ll_sdmmc.o(i.SDMMC_ReadFIFO)
    SDMMC_SendCommand                        0x08003c99   Thumb Code    34  stm32h7xx_ll_sdmmc.o(i.SDMMC_SendCommand)
    SDMMC_WriteFIFO                          0x08003cc1   Thumb Code    10  stm32h7xx_ll_sdmmc.o(i.SDMMC_WriteFIFO)
    SD_initialize                            0x08004061   Thumb Code    28  sd_diskio.o(i.SD_initialize)
    SD_ioctl                                 0x08004081   Thumb Code    84  sd_diskio.o(i.SD_ioctl)
    SD_read                                  0x080040d9   Thumb Code    38  sd_diskio.o(i.SD_read)
    SD_status                                0x080040ff   Thumb Code     4  sd_diskio.o(i.SD_status)
    SD_write                                 0x08004105   Thumb Code    38  sd_diskio.o(i.SD_write)
    SVC_Handler                              0x0800412b   Thumb Code     2  stm32h7xx_it.o(i.SVC_Handler)
    SysTick_Handler                          0x0800412d   Thumb Code     4  stm32h7xx_it.o(i.SysTick_Handler)
    SystemClock_Config                       0x08004131   Thumb Code   210  main.o(i.SystemClock_Config)
    SystemInit                               0x08004211   Thumb Code   180  system_stm32h7xx.o(i.SystemInit)
    UART_AdvFeatureConfig                    0x08004331   Thumb Code   200  stm32h7xx_hal_uart.o(i.UART_AdvFeatureConfig)
    UART_CheckIdleState                      0x080043f9   Thumb Code   170  stm32h7xx_hal_uart.o(i.UART_CheckIdleState)
    UART_SetConfig                           0x080044f9   Thumb Code   876  stm32h7xx_hal_uart.o(i.UART_SetConfig)
    UART_WaitOnFlagUntilTimeout              0x080048a5   Thumb Code   140  stm32h7xx_hal_uart.o(i.UART_WaitOnFlagUntilTimeout)
    UsageFault_Handler                       0x08004931   Thumb Code     2  stm32h7xx_it.o(i.UsageFault_Handler)
    __0printf$3                              0x08004935   Thumb Code    22  printf3.o(i.__0printf$3)
    __1printf$3                              0x08004935   Thumb Code     0  printf3.o(i.__0printf$3)
    __2printf                                0x08004935   Thumb Code     0  printf3.o(i.__0printf$3)
    __scatterload_copy                       0x08004977   Thumb Code    14  handlers.o(i.__scatterload_copy)
    __scatterload_null                       0x08004985   Thumb Code     2  handlers.o(i.__scatterload_null)
    __scatterload_zeroinit                   0x08004987   Thumb Code    14  handlers.o(i.__scatterload_zeroinit)
    disk_initialize                          0x08005051   Thumb Code    34  diskio.o(i.disk_initialize)
    disk_ioctl                               0x08005079   Thumb Code    20  diskio.o(i.disk_ioctl)
    disk_read                                0x08005091   Thumb Code    22  diskio.o(i.disk_read)
    disk_status                              0x080050ad   Thumb Code    16  diskio.o(i.disk_status)
    disk_write                               0x080050c1   Thumb Code    22  diskio.o(i.disk_write)
    f_close                                  0x080050dd   Thumb Code    40  ff.o(i.f_close)
    f_mkfs                                   0x08005105   Thumb Code  1364  ff.o(i.f_mkfs)
    f_mount                                  0x0800565d   Thumb Code    84  ff.o(i.f_mount)
    f_open                                   0x080056b5   Thumb Code   522  ff.o(i.f_open)
    f_read                                   0x080058c5   Thumb Code   340  ff.o(i.f_read)
    f_sync                                   0x08005a19   Thumb Code   142  ff.o(i.f_sync)
    f_write                                  0x08005aa7   Thumb Code   396  ff.o(i.f_write)
    fputc                                    0x08005f01   Thumb Code    20  main.o(i.fputc)
    get_fattime                              0x08005fd7   Thumb Code     4  fatfs.o(i.get_fattime)
    main                                     0x080060e1   Thumb Code    60  main.o(i.main)
    printf_fatfs_error                       0x08006185   Thumb Code   108  fatfs.o(i.printf_fatfs_error)
    sd_card_test                             0x08006535   Thumb Code   342  fatfs.o(i.sd_card_test)
    SD_Driver                                0x08006a6c   Data          20  sd_diskio.o(.constdata)
    UARTPrescTable                           0x08006a80   Data          24  stm32h7xx_hal_uart.o(.constdata)
    D1CorePrescTable                         0x08006aa8   Data          16  system_stm32h7xx.o(.constdata)
    Region$$Table$$Base                      0x08006b54   Number         0  anon$$obj.o(Region$$Table)
    Region$$Table$$Limit                     0x08006b74   Number         0  anon$$obj.o(Region$$Table)
    retSD                                    0x24000004   Data           1  fatfs.o(.data)
    f_res                                    0x24000005   Data           1  fatfs.o(.data)
    SDPath                                   0x24000006   Data           4  fatfs.o(.data)
    fnum                                     0x2400000c   Data           4  fatfs.o(.data)
    WriteBuffer                              0x24000010   Data          41  fatfs.o(.data)
    uwTickFreq                               0x2400003c   Data           1  stm32h7xx_hal.o(.data)
    uwTickPrio                               0x24000040   Data           4  stm32h7xx_hal.o(.data)
    uwTick                                   0x24000044   Data           4  stm32h7xx_hal.o(.data)
    SystemCoreClock                          0x24000048   Data           4  system_stm32h7xx.o(.data)
    SystemD2Clock                            0x2400004c   Data           4  system_stm32h7xx.o(.data)
    __stdout                                 0x24000058   Data           4  stdout.o(.data)
    hsd2                                     0x2400005c   Data         124  sdmmc.o(.bss)
    huart1                                   0x240000d8   Data         148  usart.o(.bss)
    ReadBuffer                               0x2400016c   Data        1024  fatfs.o(.bss)
    fs                                       0x2400056c   Data         560  fatfs.o(.bss)
    file                                     0x2400079c   Data         560  fatfs.o(.bss)
    disk                                     0x240009ec   Data          12  ff_gen_drv.o(.bss)
    __initial_sp                             0x24000df8   Data           0  startup_stm32h743xx.o(STACK)



==============================================================================

Memory Map of the image

  Image Entry point : 0x08000299

  Load Region LR_IROM1 (Base: 0x08000000, Size: 0x00006bd0, Max: 0x00200000, ABSOLUTE)

    Execution Region ER_IROM1 (Exec base: 0x08000000, Load base: 0x08000000, Size: 0x00006b74, Max: 0x00200000, ABSOLUTE)

    Exec Addr    Load Addr    Size         Type   Attr      Idx    E Section Name        Object

    0x08000000   0x08000000   0x00000298   Data   RO            3    RESET               startup_stm32h743xx.o
    0x08000298   0x08000298   0x00000000   Code   RO         4746  * .ARM.Collect$$$$00000000  mc_w.l(entry.o)
    0x08000298   0x08000298   0x00000004   Code   RO         5014    .ARM.Collect$$$$00000001  mc_w.l(entry2.o)
    0x0800029c   0x0800029c   0x00000004   Code   RO         5017    .ARM.Collect$$$$00000004  mc_w.l(entry5.o)
    0x080002a0   0x080002a0   0x00000000   Code   RO         5019    .ARM.Collect$$$$00000008  mc_w.l(entry7b.o)
    0x080002a0   0x080002a0   0x00000000   Code   RO         5021    .ARM.Collect$$$$0000000A  mc_w.l(entry8b.o)
    0x080002a0   0x080002a0   0x00000008   Code   RO         5022    .ARM.Collect$$$$0000000B  mc_w.l(entry9a.o)
    0x080002a8   0x080002a8   0x00000004   Code   RO         5029    .ARM.Collect$$$$0000000E  mc_w.l(entry12b.o)
    0x080002ac   0x080002ac   0x00000000   Code   RO         5024    .ARM.Collect$$$$0000000F  mc_w.l(entry10a.o)
    0x080002ac   0x080002ac   0x00000000   Code   RO         5026    .ARM.Collect$$$$00000011  mc_w.l(entry11a.o)
    0x080002ac   0x080002ac   0x00000004   Code   RO         5015    .ARM.Collect$$$$00002712  mc_w.l(entry2.o)
    0x080002b0   0x080002b0   0x00000024   Code   RO            4    .text               startup_stm32h743xx.o
    0x080002d4   0x080002d4   0x00000062   Code   RO         4749    .text               mc_w.l(uldiv.o)
    0x08000336   0x08000336   0x00000024   Code   RO         4751    .text               mc_w.l(memseta.o)
    0x0800035a   0x0800035a   0x0000002c   Code   RO         5031    .text               mc_w.l(uidiv.o)
    0x08000386   0x08000386   0x0000001e   Code   RO         5033    .text               mc_w.l(llshl.o)
    0x080003a4   0x080003a4   0x00000020   Code   RO         5035    .text               mc_w.l(llushr.o)
    0x080003c4   0x080003c4   0x00000024   Code   RO         5048    .text               mc_w.l(init.o)
    0x080003e8   0x080003e8   0x0000000c   Code   RO          436    i.BSP_SD_GetCardInfo  bsp_driver_sd.o
    0x080003f4   0x080003f4   0x00000018   Code   RO          437    i.BSP_SD_GetCardState  bsp_driver_sd.o
    0x0800040c   0x0800040c   0x00000030   Code   RO          439    i.BSP_SD_Init       bsp_driver_sd.o
    0x0800043c   0x0800043c   0x0000000e   Code   RO          440    i.BSP_SD_IsDetected  bsp_driver_sd.o
    0x0800044a   0x0800044a   0x00000002   PAD
    0x0800044c   0x0800044c   0x00000020   Code   RO          441    i.BSP_SD_ReadBlocks  bsp_driver_sd.o
    0x0800046c   0x0800046c   0x00000002   Code   RO          443    i.BSP_SD_ReadCpltCallback  bsp_driver_sd.o
    0x0800046e   0x0800046e   0x00000002   PAD
    0x08000470   0x08000470   0x00000020   Code   RO          444    i.BSP_SD_WriteBlocks  bsp_driver_sd.o
    0x08000490   0x08000490   0x00000002   Code   RO          446    i.BSP_SD_WriteCpltCallback  bsp_driver_sd.o
    0x08000492   0x08000492   0x00000002   Code   RO          328    i.BusFault_Handler  stm32h7xx_it.o
    0x08000494   0x08000494   0x00000002   Code   RO          329    i.DebugMon_Handler  stm32h7xx_it.o
    0x08000496   0x08000496   0x00000004   Code   RO           13    i.Error_Handler     main.o
    0x0800049a   0x0800049a   0x00000006   Code   RO         4675    i.FATFS_LinkDriver  ff_gen_drv.o
    0x080004a0   0x080004a0   0x00000040   Code   RO         4676    i.FATFS_LinkDriverEx  ff_gen_drv.o
    0x080004e0   0x080004e0   0x00000006   Code   RO         4677    i.FATFS_UnLinkDriver  ff_gen_drv.o
    0x080004e6   0x080004e6   0x00000002   PAD
    0x080004e8   0x080004e8   0x00000034   Code   RO         4678    i.FATFS_UnLinkDriverEx  ff_gen_drv.o
    0x0800051c   0x0800051c   0x00000024   Code   RO         2157    i.HAL_Delay         stm32h7xx_hal.o
    0x08000540   0x08000540   0x0000022c   Code   RO         1296    i.HAL_GPIO_Init     stm32h7xx_hal_gpio.o
    0x0800076c   0x0800076c   0x00000010   Code   RO         1299    i.HAL_GPIO_TogglePin  stm32h7xx_hal_gpio.o
    0x0800077c   0x0800077c   0x0000000c   Code   RO         2168    i.HAL_GetREVID      stm32h7xx_hal.o
    0x08000788   0x08000788   0x0000000c   Code   RO         2169    i.HAL_GetTick       stm32h7xx_hal.o
    0x08000794   0x08000794   0x00000010   Code   RO         2175    i.HAL_IncTick       stm32h7xx_hal.o
    0x080007a4   0x080007a4   0x0000005c   Code   RO         2176    i.HAL_Init          stm32h7xx_hal.o
    0x08000800   0x08000800   0x00000040   Code   RO         2177    i.HAL_InitTick      stm32h7xx_hal.o
    0x08000840   0x08000840   0x0000001c   Code   RO          410    i.HAL_MspInit       stm32h7xx_hal_msp.o
    0x0800085c   0x0800085c   0x0000001a   Code   RO          666    i.HAL_NVIC_EnableIRQ  stm32h7xx_hal_cortex.o
    0x08000876   0x08000876   0x00000002   PAD
    0x08000878   0x08000878   0x00000040   Code   RO          672    i.HAL_NVIC_SetPriority  stm32h7xx_hal_cortex.o
    0x080008b8   0x080008b8   0x00000024   Code   RO          673    i.HAL_NVIC_SetPriorityGrouping  stm32h7xx_hal_cortex.o
    0x080008dc   0x080008dc   0x00000054   Code   RO         1897    i.HAL_PWREx_ConfigSupply  stm32h7xx_hal_pwr_ex.o
    0x08000930   0x08000930   0x00000024   Code   RO          917    i.HAL_RCCEx_GetD3PCLK1Freq  stm32h7xx_hal_rcc_ex.o
    0x08000954   0x08000954   0x00000148   Code   RO          918    i.HAL_RCCEx_GetPLL1ClockFreq  stm32h7xx_hal_rcc_ex.o
    0x08000a9c   0x08000a9c   0x00000144   Code   RO          919    i.HAL_RCCEx_GetPLL2ClockFreq  stm32h7xx_hal_rcc_ex.o
    0x08000be0   0x08000be0   0x00000144   Code   RO          920    i.HAL_RCCEx_GetPLL3ClockFreq  stm32h7xx_hal_rcc_ex.o
    0x08000d24   0x08000d24   0x000002c8   Code   RO          922    i.HAL_RCCEx_GetPeriphCLKFreq  stm32h7xx_hal_rcc_ex.o
    0x08000fec   0x08000fec   0x000009ac   Code   RO          926    i.HAL_RCCEx_PeriphCLKConfig  stm32h7xx_hal_rcc_ex.o
    0x08001998   0x08001998   0x0000025c   Code   RO          802    i.HAL_RCC_ClockConfig  stm32h7xx_hal_rcc.o
    0x08001bf4   0x08001bf4   0x00000044   Code   RO          807    i.HAL_RCC_GetHCLKFreq  stm32h7xx_hal_rcc.o
    0x08001c38   0x08001c38   0x00000024   Code   RO          809    i.HAL_RCC_GetPCLK1Freq  stm32h7xx_hal_rcc.o
    0x08001c5c   0x08001c5c   0x00000024   Code   RO          810    i.HAL_RCC_GetPCLK2Freq  stm32h7xx_hal_rcc.o
    0x08001c80   0x08001c80   0x00000138   Code   RO          811    i.HAL_RCC_GetSysClockFreq  stm32h7xx_hal_rcc.o
    0x08001db8   0x08001db8   0x00000582   Code   RO          814    i.HAL_RCC_OscConfig  stm32h7xx_hal_rcc.o
    0x0800233a   0x0800233a   0x00000002   Code   RO         3400    i.HAL_SDEx_Read_DMADoubleBuf0CpltCallback  stm32h7xx_hal_sd.o
    0x0800233c   0x0800233c   0x00000002   Code   RO         3401    i.HAL_SDEx_Read_DMADoubleBuf1CpltCallback  stm32h7xx_hal_sd.o
    0x0800233e   0x0800233e   0x00000002   Code   RO         3402    i.HAL_SDEx_Write_DMADoubleBuf0CpltCallback  stm32h7xx_hal_sd.o
    0x08002340   0x08002340   0x00000002   Code   RO         3403    i.HAL_SDEx_Write_DMADoubleBuf1CpltCallback  stm32h7xx_hal_sd.o
    0x08002342   0x08002342   0x00000002   PAD
    0x08002344   0x08002344   0x00000188   Code   RO         3408    i.HAL_SD_ConfigWideBusOperation  stm32h7xx_hal_sd.o
    0x080024cc   0x080024cc   0x00000002   Code   RO         3411    i.HAL_SD_ErrorCallback  stm32h7xx_hal_sd.o
    0x080024ce   0x080024ce   0x00000002   PAD
    0x080024d0   0x080024d0   0x000001bc   Code   RO         3413    i.HAL_SD_GetCardCSD  stm32h7xx_hal_sd.o
    0x0800268c   0x0800268c   0x00000024   Code   RO         3414    i.HAL_SD_GetCardInfo  stm32h7xx_hal_sd.o
    0x080026b0   0x080026b0   0x0000002c   Code   RO         3415    i.HAL_SD_GetCardState  stm32h7xx_hal_sd.o
    0x080026dc   0x080026dc   0x000000cc   Code   RO         3416    i.HAL_SD_GetCardStatus  stm32h7xx_hal_sd.o
    0x080027a8   0x080027a8   0x00000240   Code   RO         3419    i.HAL_SD_IRQHandler  stm32h7xx_hal_sd.o
    0x080029e8   0x080029e8   0x0000009a   Code   RO         3420    i.HAL_SD_Init       stm32h7xx_hal_sd.o
    0x08002a82   0x08002a82   0x00000002   PAD
    0x08002a84   0x08002a84   0x000000ac   Code   RO         3421    i.HAL_SD_InitCard   stm32h7xx_hal_sd.o
    0x08002b30   0x08002b30   0x000000c4   Code   RO          245    i.HAL_SD_MspInit    sdmmc.o
    0x08002bf4   0x08002bf4   0x000001c4   Code   RO         3424    i.HAL_SD_ReadBlocks  stm32h7xx_hal_sd.o
    0x08002db8   0x08002db8   0x00000008   Code   RO          448    i.HAL_SD_RxCpltCallback  bsp_driver_sd.o
    0x08002dc0   0x08002dc0   0x00000008   Code   RO          449    i.HAL_SD_TxCpltCallback  bsp_driver_sd.o
    0x08002dc8   0x08002dc8   0x000001dc   Code   RO         3429    i.HAL_SD_WriteBlocks  stm32h7xx_hal_sd.o
    0x08002fa4   0x08002fa4   0x00000026   Code   RO          677    i.HAL_SYSTICK_Config  stm32h7xx_hal_cortex.o
    0x08002fca   0x08002fca   0x00000040   Code   RO         4133    i.HAL_UARTEx_DisableFifoMode  stm32h7xx_hal_uart_ex.o
    0x0800300a   0x0800300a   0x0000004c   Code   RO         4142    i.HAL_UARTEx_SetRxFifoThreshold  stm32h7xx_hal_uart_ex.o
    0x08003056   0x08003056   0x0000004c   Code   RO         4143    i.HAL_UARTEx_SetTxFifoThreshold  stm32h7xx_hal_uart_ex.o
    0x080030a2   0x080030a2   0x0000006a   Code   RO         3742    i.HAL_UART_Init     stm32h7xx_hal_uart.o
    0x0800310c   0x0800310c   0x00000088   Code   RO          287    i.HAL_UART_MspInit  usart.o
    0x08003194   0x08003194   0x000000b0   Code   RO         3751    i.HAL_UART_Transmit  stm32h7xx_hal_uart.o
    0x08003244   0x08003244   0x00000002   Code   RO          330    i.HardFault_Handler  stm32h7xx_it.o
    0x08003246   0x08003246   0x00000002   PAD
    0x08003248   0x08003248   0x0000001c   Code   RO          609    i.MX_FATFS_Init     fatfs.o
    0x08003264   0x08003264   0x00000080   Code   RO          220    i.MX_GPIO_Init      gpio.o
    0x080032e4   0x080032e4   0x00000024   Code   RO          246    i.MX_SDMMC2_SD_Init  sdmmc.o
    0x08003308   0x08003308   0x00000068   Code   RO          288    i.MX_USART1_UART_Init  usart.o
    0x08003370   0x08003370   0x00000002   Code   RO          331    i.MemManage_Handler  stm32h7xx_it.o
    0x08003372   0x08003372   0x00000002   Code   RO          332    i.NMI_Handler       stm32h7xx_it.o
    0x08003374   0x08003374   0x00000002   Code   RO          333    i.PendSV_Handler    stm32h7xx_it.o
    0x08003376   0x08003376   0x00000002   PAD
    0x08003378   0x08003378   0x00000120   Code   RO          929    i.RCCEx_PLL2_Config  stm32h7xx_hal_rcc_ex.o
    0x08003498   0x08003498   0x00000120   Code   RO          930    i.RCCEx_PLL3_Config  stm32h7xx_hal_rcc_ex.o
    0x080035b8   0x080035b8   0x0000000c   Code   RO          334    i.SDMMC2_IRQHandler  stm32h7xx_it.o
    0x080035c4   0x080035c4   0x00000034   Code   RO         3060    i.SDMMC_CmdAppCommand  stm32h7xx_ll_sdmmc.o
    0x080035f8   0x080035f8   0x0000002e   Code   RO         3061    i.SDMMC_CmdAppOperCommand  stm32h7xx_ll_sdmmc.o
    0x08003626   0x08003626   0x00000032   Code   RO         3062    i.SDMMC_CmdBlockLength  stm32h7xx_ll_sdmmc.o
    0x08003658   0x08003658   0x00000034   Code   RO         3063    i.SDMMC_CmdBusWidth  stm32h7xx_ll_sdmmc.o
    0x0800368c   0x0800368c   0x00000054   Code   RO         3067    i.SDMMC_CmdGoIdleState  stm32h7xx_ll_sdmmc.o
    0x080036e0   0x080036e0   0x00000028   Code   RO         3069    i.SDMMC_CmdOperCond  stm32h7xx_ll_sdmmc.o
    0x08003708   0x08003708   0x00000034   Code   RO         3070    i.SDMMC_CmdReadMultiBlock  stm32h7xx_ll_sdmmc.o
    0x0800373c   0x0800373c   0x00000034   Code   RO         3071    i.SDMMC_CmdReadSingleBlock  stm32h7xx_ll_sdmmc.o
    0x08003770   0x08003770   0x00000034   Code   RO         3074    i.SDMMC_CmdSelDesel  stm32h7xx_ll_sdmmc.o
    0x080037a4   0x080037a4   0x0000002c   Code   RO         3075    i.SDMMC_CmdSendCID  stm32h7xx_ll_sdmmc.o
    0x080037d0   0x080037d0   0x00000030   Code   RO         3076    i.SDMMC_CmdSendCSD  stm32h7xx_ll_sdmmc.o
    0x08003800   0x08003800   0x00000032   Code   RO         3078    i.SDMMC_CmdSendSCR  stm32h7xx_ll_sdmmc.o
    0x08003832   0x08003832   0x00000034   Code   RO         3079    i.SDMMC_CmdSendStatus  stm32h7xx_ll_sdmmc.o
    0x08003866   0x08003866   0x00000032   Code   RO         3080    i.SDMMC_CmdSetRelAdd  stm32h7xx_ll_sdmmc.o
    0x08003898   0x08003898   0x00000032   Code   RO         3083    i.SDMMC_CmdStatusRegister  stm32h7xx_ll_sdmmc.o
    0x080038ca   0x080038ca   0x00000002   PAD
    0x080038cc   0x080038cc   0x00000054   Code   RO         3084    i.SDMMC_CmdStopTransfer  stm32h7xx_ll_sdmmc.o
    0x08003920   0x08003920   0x00000034   Code   RO         3087    i.SDMMC_CmdWriteMultiBlock  stm32h7xx_ll_sdmmc.o
    0x08003954   0x08003954   0x00000034   Code   RO         3088    i.SDMMC_CmdWriteSingleBlock  stm32h7xx_ll_sdmmc.o
    0x08003988   0x08003988   0x00000026   Code   RO         3089    i.SDMMC_ConfigData  stm32h7xx_ll_sdmmc.o
    0x080039ae   0x080039ae   0x00000002   PAD
    0x080039b0   0x080039b0   0x00000124   Code   RO         3090    i.SDMMC_GetCmdResp1  stm32h7xx_ll_sdmmc.o
    0x08003ad4   0x08003ad4   0x00000054   Code   RO         3091    i.SDMMC_GetCmdResp2  stm32h7xx_ll_sdmmc.o
    0x08003b28   0x08003b28   0x00000048   Code   RO         3092    i.SDMMC_GetCmdResp3  stm32h7xx_ll_sdmmc.o
    0x08003b70   0x08003b70   0x0000008c   Code   RO         3093    i.SDMMC_GetCmdResp6  stm32h7xx_ll_sdmmc.o
    0x08003bfc   0x08003bfc   0x00000058   Code   RO         3094    i.SDMMC_GetCmdResp7  stm32h7xx_ll_sdmmc.o
    0x08003c54   0x08003c54   0x00000008   Code   RO         3098    i.SDMMC_GetPowerState  stm32h7xx_ll_sdmmc.o
    0x08003c5c   0x08003c5c   0x00000006   Code   RO         3099    i.SDMMC_GetResponse  stm32h7xx_ll_sdmmc.o
    0x08003c62   0x08003c62   0x00000002   PAD
    0x08003c64   0x08003c64   0x00000020   Code   RO         3100    i.SDMMC_Init        stm32h7xx_ll_sdmmc.o
    0x08003c84   0x08003c84   0x0000000c   Code   RO         3103    i.SDMMC_PowerState_ON  stm32h7xx_ll_sdmmc.o
    0x08003c90   0x08003c90   0x00000006   Code   RO         3104    i.SDMMC_ReadFIFO    stm32h7xx_ll_sdmmc.o
    0x08003c96   0x08003c96   0x00000002   PAD
    0x08003c98   0x08003c98   0x00000028   Code   RO         3105    i.SDMMC_SendCommand  stm32h7xx_ll_sdmmc.o
    0x08003cc0   0x08003cc0   0x0000000a   Code   RO         3107    i.SDMMC_WriteFIFO   stm32h7xx_ll_sdmmc.o
    0x08003cca   0x08003cca   0x00000002   PAD
    0x08003ccc   0x08003ccc   0x00000020   Code   RO          549    i.SD_CheckStatus    sd_diskio.o
    0x08003cec   0x08003cec   0x000000e4   Code   RO         3432    i.SD_FindSCR        stm32h7xx_hal_sd.o
    0x08003dd0   0x08003dd0   0x000000f6   Code   RO         3433    i.SD_InitCard       stm32h7xx_hal_sd.o
    0x08003ec6   0x08003ec6   0x00000002   PAD
    0x08003ec8   0x08003ec8   0x000000b4   Code   RO         3434    i.SD_PowerON        stm32h7xx_hal_sd.o
    0x08003f7c   0x08003f7c   0x000000e4   Code   RO         3435    i.SD_SendSDStatus   stm32h7xx_hal_sd.o
    0x08004060   0x08004060   0x00000020   Code   RO          550    i.SD_initialize     sd_diskio.o
    0x08004080   0x08004080   0x00000058   Code   RO          551    i.SD_ioctl          sd_diskio.o
    0x080040d8   0x080040d8   0x00000026   Code   RO          552    i.SD_read           sd_diskio.o
    0x080040fe   0x080040fe   0x00000004   Code   RO          553    i.SD_status         sd_diskio.o
    0x08004102   0x08004102   0x00000002   PAD
    0x08004104   0x08004104   0x00000026   Code   RO          554    i.SD_write          sd_diskio.o
    0x0800412a   0x0800412a   0x00000002   Code   RO          335    i.SVC_Handler       stm32h7xx_it.o
    0x0800412c   0x0800412c   0x00000004   Code   RO          336    i.SysTick_Handler   stm32h7xx_it.o
    0x08004130   0x08004130   0x000000e0   Code   RO           14    i.SystemClock_Config  main.o
    0x08004210   0x08004210   0x000000dc   Code   RO         4252    i.SystemInit        system_stm32h7xx.o
    0x080042ec   0x080042ec   0x00000044   Code   RO         4147    i.UARTEx_SetNbDataToProcess  stm32h7xx_hal_uart_ex.o
    0x08004330   0x08004330   0x000000c8   Code   RO         3756    i.UART_AdvFeatureConfig  stm32h7xx_hal_uart.o
    0x080043f8   0x080043f8   0x000000aa   Code   RO         3757    i.UART_CheckIdleState  stm32h7xx_hal_uart.o
    0x080044a2   0x080044a2   0x00000002   PAD
    0x080044a4   0x080044a4   0x00000054   Code   RO         3768    i.UART_EndRxTransfer  stm32h7xx_hal_uart.o
    0x080044f8   0x080044f8   0x000003ac   Code   RO         3774    i.UART_SetConfig    stm32h7xx_hal_uart.o
    0x080048a4   0x080048a4   0x0000008c   Code   RO         3781    i.UART_WaitOnFlagUntilTimeout  stm32h7xx_hal_uart.o
    0x08004930   0x08004930   0x00000002   Code   RO          337    i.UsageFault_Handler  stm32h7xx_it.o
    0x08004932   0x08004932   0x00000002   PAD
    0x08004934   0x08004934   0x00000020   Code   RO         4842    i.__0printf$3       mc_w.l(printf3.o)
    0x08004954   0x08004954   0x00000022   Code   RO          679    i.__NVIC_SetPriority  stm32h7xx_hal_cortex.o
    0x08004976   0x08004976   0x0000000e   Code   RO         5056    i.__scatterload_copy  mc_w.l(handlers.o)
    0x08004984   0x08004984   0x00000002   Code   RO         5057    i.__scatterload_null  mc_w.l(handlers.o)
    0x08004986   0x08004986   0x0000000e   Code   RO         5058    i.__scatterload_zeroinit  mc_w.l(handlers.o)
    0x08004994   0x08004994   0x000001b8   Code   RO         4849    i._printf_core      mc_w.l(printf3.o)
    0x08004b4c   0x08004b4c   0x00000070   Code   RO         4343    i.check_fs          ff.o
    0x08004bbc   0x08004bbc   0x0000005c   Code   RO         4344    i.chk_lock          ff.o
    0x08004c18   0x08004c18   0x00000020   Code   RO         4345    i.clear_lock        ff.o
    0x08004c38   0x08004c38   0x00000024   Code   RO         4346    i.clmt_clust        ff.o
    0x08004c5c   0x08004c5c   0x00000018   Code   RO         4347    i.clust2sect        ff.o
    0x08004c74   0x08004c74   0x000000a6   Code   RO         4348    i.create_chain      ff.o
    0x08004d1a   0x08004d1a   0x00000002   PAD
    0x08004d1c   0x08004d1c   0x000000bc   Code   RO         4349    i.create_name       ff.o
    0x08004dd8   0x08004dd8   0x00000034   Code   RO         4350    i.dec_lock          ff.o
    0x08004e0c   0x08004e0c   0x00000066   Code   RO         4351    i.dir_find          ff.o
    0x08004e72   0x08004e72   0x00000002   PAD
    0x08004e74   0x08004e74   0x000000f4   Code   RO         4352    i.dir_next          ff.o
    0x08004f68   0x08004f68   0x00000066   Code   RO         4354    i.dir_register      ff.o
    0x08004fce   0x08004fce   0x00000082   Code   RO         4356    i.dir_sdi           ff.o
    0x08005050   0x08005050   0x00000028   Code   RO         4288    i.disk_initialize   diskio.o
    0x08005078   0x08005078   0x00000018   Code   RO         4289    i.disk_ioctl        diskio.o
    0x08005090   0x08005090   0x0000001c   Code   RO         4290    i.disk_read         diskio.o
    0x080050ac   0x080050ac   0x00000014   Code   RO         4291    i.disk_status       diskio.o
    0x080050c0   0x080050c0   0x0000001c   Code   RO         4292    i.disk_write        diskio.o
    0x080050dc   0x080050dc   0x00000028   Code   RO         4357    i.f_close           ff.o
    0x08005104   0x08005104   0x00000558   Code   RO         4363    i.f_mkfs            ff.o
    0x0800565c   0x0800565c   0x00000058   Code   RO         4364    i.f_mount           ff.o
    0x080056b4   0x080056b4   0x00000210   Code   RO         4365    i.f_open            ff.o
    0x080058c4   0x080058c4   0x00000154   Code   RO         4370    i.f_read            ff.o
    0x08005a18   0x08005a18   0x0000008e   Code   RO         4374    i.f_sync            ff.o
    0x08005aa6   0x08005aa6   0x0000018c   Code   RO         4377    i.f_write           ff.o
    0x08005c32   0x08005c32   0x00000002   PAD
    0x08005c34   0x08005c34   0x00000258   Code   RO         4378    i.find_volume       ff.o
    0x08005e8c   0x08005e8c   0x00000074   Code   RO         4379    i.follow_path       ff.o
    0x08005f00   0x08005f00   0x00000018   Code   RO           15    i.fputc             main.o
    0x08005f18   0x08005f18   0x000000be   Code   RO         4380    i.get_fat           ff.o
    0x08005fd6   0x08005fd6   0x00000004   Code   RO          610    i.get_fattime       fatfs.o
    0x08005fda   0x08005fda   0x0000003c   Code   RO         4382    i.get_ldnumber      ff.o
    0x08006016   0x08006016   0x00000002   PAD
    0x08006018   0x08006018   0x00000080   Code   RO         4383    i.inc_lock          ff.o
    0x08006098   0x08006098   0x00000026   Code   RO         4384    i.ld_clust          ff.o
    0x080060be   0x080060be   0x00000016   Code   RO         4385    i.ld_dword          ff.o
    0x080060d4   0x080060d4   0x0000000a   Code   RO         4386    i.ld_word           ff.o
    0x080060de   0x080060de   0x00000002   PAD
    0x080060e0   0x080060e0   0x00000050   Code   RO           16    i.main              main.o
    0x08006130   0x08006130   0x00000012   Code   RO         4387    i.mem_cpy           ff.o
    0x08006142   0x08006142   0x00000002   PAD
    0x08006144   0x08006144   0x0000000e   Code   RO         4388    i.mem_set           ff.o
    0x08006152   0x08006152   0x00000032   Code   RO         4389    i.move_window       ff.o
    0x08006184   0x08006184   0x0000024c   Code   RO          611    i.printf_fatfs_error  fatfs.o
    0x080063d0   0x080063d0   0x000000f0   Code   RO         4390    i.put_fat           ff.o
    0x080064c0   0x080064c0   0x00000074   Code   RO         4393    i.remove_chain      ff.o
    0x08006534   0x08006534   0x000003e8   Code   RO          612    i.sd_card_test      fatfs.o
    0x0800691c   0x0800691c   0x00000028   Code   RO         4394    i.st_clust          ff.o
    0x08006944   0x08006944   0x00000010   Code   RO         4395    i.st_dword          ff.o
    0x08006954   0x08006954   0x00000008   Code   RO         4396    i.st_word           ff.o
    0x0800695c   0x0800695c   0x00000088   Code   RO         4397    i.sync_fs           ff.o
    0x080069e4   0x080069e4   0x00000052   Code   RO         4398    i.sync_window       ff.o
    0x08006a36   0x08006a36   0x00000034   Code   RO         4399    i.validate          ff.o
    0x08006a6a   0x08006a6a   0x00000002   PAD
    0x08006a6c   0x08006a6c   0x00000014   Data   RO          555    .constdata          sd_diskio.o
    0x08006a80   0x08006a80   0x00000018   Data   RO         3782    .constdata          stm32h7xx_hal_uart.o
    0x08006a98   0x08006a98   0x00000010   Data   RO         4148    .constdata          stm32h7xx_hal_uart_ex.o
    0x08006aa8   0x08006aa8   0x00000010   Data   RO         4253    .constdata          system_stm32h7xx.o
    0x08006ab8   0x08006ab8   0x0000009c   Data   RO         4401    .constdata          ff.o
    0x08006b54   0x08006b54   0x00000020   Data   RO         5054    Region$$Table       anon$$obj.o


    Execution Region RW_IRAM1 (Exec base: 0x20000000, Load base: 0x08006b74, Size: 0x00000000, Max: 0x00020000, ABSOLUTE)

    **** No section assigned to this execution region ****


    Execution Region RW_IRAM2 (Exec base: 0x24000000, Load base: 0x08006b74, Size: 0x00000df8, Max: 0x00080000, ABSOLUTE)

    Exec Addr    Load Addr    Size         Type   Attr      Idx    E Section Name        Object

    0x24000000   0x08006b74   0x00000001   Data   RW          556    .data               sd_diskio.o
    0x24000001   0x08006b75   0x00000003   PAD
    0x24000004   0x08006b78   0x00000035   Data   RW          616    .data               fatfs.o
    0x24000039   0x08006bad   0x00000003   PAD
    0x2400003c   0x08006bb0   0x0000000c   Data   RW         2198    .data               stm32h7xx_hal.o
    0x24000048   0x08006bbc   0x00000008   Data   RW         4254    .data               system_stm32h7xx.o
    0x24000050   0x08006bc4   0x00000008   Data   RW         4402    .data               ff.o
    0x24000058   0x08006bcc   0x00000004   Data   RW         5030    .data               mc_w.l(stdout.o)
    0x2400005c        -       0x0000007c   Zero   RW          247    .bss                sdmmc.o
    0x240000d8        -       0x00000094   Zero   RW          289    .bss                usart.o
    0x2400016c        -       0x00000860   Zero   RW          613    .bss                fatfs.o
    0x240009cc        -       0x00000020   Zero   RW         4400    .bss                ff.o
    0x240009ec        -       0x0000000c   Zero   RW         4679    .bss                ff_gen_drv.o
    0x240009f8        -       0x00000400   Zero   RW            1    STACK               startup_stm32h743xx.o


==============================================================================

Image component sizes


      Code (inc. data)   RO Data    RW Data    ZI Data      Debug   Object Name

       182         26          0          0          0       6234   bsp_driver_sd.o
       140         26          0          0          0       3813   diskio.o
      1620       1168          0         53       2144       3286   fatfs.o
      6118        158        156          8         32      40394   ff.o
       128         12          0          0         12       3091   ff_gen_drv.o
       128         10          0          0          0        991   gpio.o
       332         38          0          0          0    1262684   main.o
       232         14         20          1          0       4712   sd_diskio.o
       232         24          0          0        124       1824   sdmmc.o
        36          8        664          0       1024        848   startup_stm32h743xx.o
       232         44          0         12          0      23436   stm32h7xx_hal.o
       198         12          0          0          0      39683   stm32h7xx_hal_cortex.o
       572         50          0          0          0       2217   stm32h7xx_hal_gpio.o
        28          6          0          0          0        838   stm32h7xx_hal_msp.o
        84          6          0          0          0        801   stm32h7xx_hal_pwr_ex.o
      2466        102          0          0          0       7144   stm32h7xx_hal_rcc.o
      4776        174          0          0          0      10571   stm32h7xx_hal_rcc_ex.o
      3842         76          0          0          0      20404   stm32h7xx_hal_sd.o
      1816        112         24          0          0      26914   stm32h7xx_hal_uart.o
       284          6         16          0          0       3757   stm32h7xx_hal_uart_ex.o
        32          6          0          0          0       4766   stm32h7xx_it.o
      1790         72          0          0          0      24886   stm32h7xx_ll_sdmmc.o
       220         40         16          8          0       1414   system_stm32h7xx.o
       240         24          0          0        148       1874   usart.o

    ----------------------------------------------------------------------
     25778       2214        928         88       3484    1496582   Object Totals
         0          0         32          0          0          0   (incl. Generated)
        50          0          0          6          0          0   (incl. Padding)

    ----------------------------------------------------------------------

      Code (inc. data)   RO Data    RW Data    ZI Data      Debug   Library Member Name

         0          0          0          0          0          0   entry.o
         0          0          0          0          0          0   entry10a.o
         0          0          0          0          0          0   entry11a.o
         4          0          0          0          0          0   entry12b.o
         8          4          0          0          0          0   entry2.o
         4          0          0          0          0          0   entry5.o
         0          0          0          0          0          0   entry7b.o
         0          0          0          0          0          0   entry8b.o
         8          4          0          0          0          0   entry9a.o
        30          0          0          0          0          0   handlers.o
        36          8          0          0          0         68   init.o
        30          0          0          0          0         68   llshl.o
        32          0          0          0          0         68   llushr.o
        36          0          0          0          0        108   memseta.o
       472         14          0          0          0        184   printf3.o
         0          0          0          4          0          0   stdout.o
        44          0          0          0          0         80   uidiv.o
        98          0          0          0          0         92   uldiv.o

    ----------------------------------------------------------------------
       802         30          0          4          0        668   Library Totals
         0          0          0          0          0          0   (incl. Padding)

    ----------------------------------------------------------------------

      Code (inc. data)   RO Data    RW Data    ZI Data      Debug   Library Name

       802         30          0          4          0        668   mc_w.l

    ----------------------------------------------------------------------
       802         30          0          4          0        668   Library Totals

    ----------------------------------------------------------------------

==============================================================================


      Code (inc. data)   RO Data    RW Data    ZI Data      Debug   

     26580       2244        928         92       3484    1480494   Grand Totals
     26580       2244        928         92       3484    1480494   ELF Image Totals
     26580       2244        928         92          0          0   ROM Totals

==============================================================================

    Total RO  Size (Code + RO Data)                27508 (  26.86kB)
    Total RW  Size (RW Data + ZI Data)              3576 (   3.49kB)
    Total ROM Size (Code + RO Data + RW Data)      27600 (  26.95kB)

==============================================================================

