<html>
<body>
<pre>
<h1>µVision Build Log</h1>
<h2>Tool Versions:</h2>
IDE-Version: ¦ÌVision V5.36.0.0
Copyright (C) 2021 ARM Ltd and ARM Germany GmbH. All rights reserved.
License Information: Q Q, Q, LIC=76F5U-S3RHP-LQI0Q-N1WNW-FQ860-360NZ
 
Tool Versions:
Toolchain:       MDK-ARM Plus  Version: 5.36.0.0
Toolchain Path:  C:\Keil_v5\ARM\ARMCC\Bin
C Compiler:      Armcc.exe V5.06 update 7 (build 960)
Assembler:       Armasm.exe V5.06 update 7 (build 960)
Linker/Locator:  ArmLink.exe V5.06 update 7 (build 960)
Library Manager: ArmAr.exe V5.06 update 7 (build 960)
Hex Converter:   FromElf.exe V5.06 update 7 (build 960)
CPU DLL:         SARMCM3.DLL V5.36.0.0
Dialog DLL:      DCM.DLL V1.17.3.0
Target DLL:      STLink\ST-LINKIII-KEIL_SWO.dll V3.0.9.0
Dialog DLL:      TCM.DLL V1.53.0.0
 
<h2>Project:</h2>
D:\Users\qiu\Desktop\LTDC_TouchGFX_7INCH_1024x600_743\MDK-ARM\H750IBK6_LED.uvprojx
Project File Date:  04/17/2024

<h2>Output:</h2>
*** Using Compiler 'V5.06 update 7 (build 960)', folder: 'C:\Keil_v5\ARM\ARMCC\Bin'
*** Warning: You are compiling one or more files of source type C++ and have selected 'use MicroLIB'. MicroLIB does not support C++!
  
Rebuild target 'H750IBK6_LED'
assembling startup_stm32h750xx.s...
compiling fmc.c...
compiling main.c...
compiling gt911.c...
compiling bsp_sdram.c...
compiling ltdc.c...
compiling stm32h7xx_hal_msp.c...
compiling i2c.c...
compiling dma2d.c...
compiling stm32h7xx_hal_timebase_tim.c...
compiling stm32h7xx_it.c...
compiling gpio.c...
compiling crc.c...
compiling quadspi.c...
compiling usart.c...
compiling freertos.c...
compiling stm32h7xx_hal_cortex.c...
compiling stm32h7xx_hal_crc_ex.c...
compiling stm32h7xx_hal_crc.c...
compiling stm32h7xx_hal_hsem.c...
compiling stm32h7xx_hal_flash.c...
compiling stm32h7xx_hal_flash_ex.c...
compiling stm32h7xx_hal_gpio.c...
compiling stm32h7xx_hal_rcc.c...
compiling stm32h7xx_hal_i2c_ex.c...
compiling stm32h7xx_hal_pwr.c...
compiling stm32h7xx_hal_dma_ex.c...
compiling stm32h7xx_hal_pwr_ex.c...
compiling stm32h7xx_hal.c...
compiling stm32h7xx_hal_mdma.c...
compiling stm32h7xx_hal_rcc_ex.c...
compiling TouchGFXHAL.cpp...
compiling stm32h7xx_ll_fmc.c...
compiling stm32h7xx_hal_exti.c...
compiling stm32h7xx_hal_dma.c...
compiling stm32h7xx_hal_ltdc_ex.c...
compiling stm32h7xx_hal_sdram.c...
compiling stm32h7xx_hal_dma2d.c...
compiling stm32h7xx_hal_ltdc.c...
compiling system_stm32h7xx.c...
compiling stm32h7xx_hal_i2c.c...
compiling stm32h7xx_hal_uart_ex.c...
compiling stm32h7xx_hal_qspi.c...
compiling app_touchgfx.c...
compiling croutine.c...
compiling OSWrappers.cpp...
compiling stm32h7xx_hal_tim_ex.c...
compiling list.c...
compiling event_groups.c...
compiling TouchGFXGPIO.cpp...
compiling STM32TouchController.cpp...
compiling heap_4.c...
compiling stream_buffer.c...
compiling Model.cpp...
compiling timers.c...
compiling stm32h7xx_hal_uart.c...
compiling queue.c...
compiling FrontendApplication.cpp...
compiling port.c...
compiling BitmapDatabase.cpp...
compiling tasks.c...
compiling Screen1Presenter.cpp...
compiling ApplicationFontProvider.cpp...
compiling Screen1View.cpp...
compiling Font_verdana_10_4bpp_0.cpp...
compiling stm32h7xx_hal_tim.c...
compiling STM32DMA.cpp...
compiling Font_verdana_20_4bpp_0.cpp...
compiling CachedFont.cpp...
compiling TouchGFXConfiguration.cpp...
compiling Font_verdana_40_4bpp_0.cpp...
compiling TouchGFXGeneratedHAL.cpp...
compiling Kerning_verdana_10_4bpp.cpp...
compiling FontCache.cpp...
compiling image_alternate_theme_images_widgets_button_regular_height_50_medium_rounded_pressed.cpp...
compiling image_alternate_theme_images_widgets_button_regular_height_50_medium_rounded_normal.cpp...
compiling Kerning_verdana_20_4bpp.cpp...
compiling Kerning_verdana_40_4bpp.cpp...
compiling LanguageGb.cpp...
compiling SVGDatabase.cpp...
compiling GeneratedFont.cpp...
compiling Table_verdana_10_4bpp.cpp...
compiling Table_verdana_20_4bpp.cpp...
compiling FrontendApplicationBase.cpp...
compiling Table_verdana_40_4bpp.cpp...
compiling TypedTextDatabase.cpp...
compiling cmsis_os2.c...
compiling UnmappedDataFont.cpp...
compiling Texts.cpp...
compiling VectorFontRendererBuffers.cpp...
compiling Screen1ViewBase.cpp...
linking...
Program Size: Code=66072 RO-data=101256 RW-data=600 ZI-data=30200  
FromELF: creating hex file...
"H750IBK6_LED\H750IBK6_LED.axf" - 0 Error(s), 0 Warning(s).

<h2>Software Packages used:</h2>

Package Vendor: ARM
                http://www.keil.com/pack/ARM.CMSIS.5.8.0.pack
                ARM.CMSIS.5.8.0
                CMSIS (Common Microcontroller Software Interface Standard)
   * Component: CORE Version: 5.5.0

Package Vendor: Keil
                https://www.keil.com/pack/Keil.STM32H7xx_DFP.3.1.1.pack
                Keil.STM32H7xx_DFP.3.1.1
                STMicroelectronics STM32H7 Series Device Support and Examples

<h2>Collection of Component include folders:</h2>
  .\RTE\_H750IBK6_LED
  C:\Users\qiu\AppData\Local\Arm\Packs\ARM\CMSIS\5.8.0\CMSIS\Core\Include
  C:\Users\qiu\AppData\Local\Arm\Packs\Keil\STM32H7xx_DFP\3.1.1\Drivers\CMSIS\Device\ST\STM32H7xx\Include

<h2>Collection of Component Files used:</h2>

   * Component: ARM::CMSIS:CORE:5.5.0
Build Time Elapsed:  00:00:04
</pre>
</body>
</html>
